******************************************************************************
             TMS320C2000 Linker PC v20.2.2                     
******************************************************************************
>> Linked Fri Aug 13 14:50:02 2021

OUTPUT FILE NAME:   <./output_TI2837xS/LaunchPad.out>
ENTRY POINT SYMBOL: "_c_int00"  address: 00084cfc


MEMORY CONFIGURATION

         name            origin    length      used     unused   attr    fill
----------------------  --------  ---------  --------  --------  ----  --------
PAGE 0:
  RAMM0                 00000122   000002de  0000005f  0000027f  RWIX
  BEGIN                 00080000   00000002  00000002  00000000  RWIX
  FLASH                 00080002   0003fffe  0000503b  0003afc3  RWIX
  FLASHN                000c0000   00002000  00000000  00002000  RWIX
  RESET                 003fffc0   00000002  00000000  00000002  RWIX

PAGE 1:
  BOOT_RSVD             00000002   00000120  00000000  00000120  RWIX
  RAMM1                 00000400   00000400  00000300  00000100  RWIX
  ADCA_RESULT           00000b00   00000020  00000018  00000008  RWIX
  ADCB_RESULT           00000b20   00000020  00000018  00000008  RWIX
  ADCC_RESULT           00000b40   00000020  00000018  00000008  RWIX
  ADCD_RESULT           00000b60   00000020  00000018  00000008  RWIX
  CPU_TIMER0            00000c00   00000008  00000008  00000000  RWIX
  CPU_TIMER1            00000c08   00000008  00000008  00000000  RWIX
  CPU_TIMER2            00000c10   00000008  00000008  00000000  RWIX
  PIE_CTRL              00000ce0   00000020  0000001a  00000006  RWIX
  PIE_VECT              00000d00   00000200  000001c0  00000040  RWIX
  DMA                   00001000   00000200  000000e0  00000120  RWIX
  CLA1                  00001400   00000040  0000003e  00000002  RWIX
  EPWM1                 00004000   00000100  00000100  00000000  RWIX
  EPWM2                 00004100   00000100  00000100  00000000  RWIX
  EPWM3                 00004200   00000100  00000100  00000000  RWIX
  EPWM4                 00004300   00000100  00000100  00000000  RWIX
  EPWM5                 00004400   00000100  00000100  00000000  RWIX
  EPWM6                 00004500   00000100  00000100  00000000  RWIX
  EPWM7                 00004600   00000100  00000100  00000000  RWIX
  EPWM8                 00004700   00000100  00000100  00000000  RWIX
  EPWM9                 00004800   00000100  00000100  00000000  RWIX
  EPWM10                00004900   00000100  00000100  00000000  RWIX
  EPWM11                00004a00   00000100  00000100  00000000  RWIX
  EPWM12                00004b00   00000100  00000100  00000000  RWIX
  ECAP1                 00005000   00000020  00000020  00000000  RWIX
  ECAP2                 00005020   00000020  00000020  00000000  RWIX
  ECAP3                 00005040   00000020  00000020  00000000  RWIX
  ECAP4                 00005060   00000020  00000020  00000000  RWIX
  ECAP5                 00005080   00000020  00000020  00000000  RWIX
  ECAP6                 000050a0   00000020  00000020  00000000  RWIX
  EQEP1                 00005100   00000040  00000022  0000001e  RWIX
  EQEP2                 00005140   00000040  00000022  0000001e  RWIX
  EQEP3                 00005180   00000040  00000022  0000001e  RWIX
  DACA                  00005c00   00000010  00000008  00000008  RWIX
  DACB                  00005c10   00000010  00000008  00000008  RWIX
  DACC                  00005c20   00000010  00000008  00000008  RWIX
  CMPSS1                00005c80   00000020  00000020  00000000  RWIX
  CMPSS2                00005ca0   00000020  00000020  00000000  RWIX
  CMPSS3                00005cc0   00000020  00000020  00000000  RWIX
  CMPSS4                00005ce0   00000020  00000020  00000000  RWIX
  CMPSS5                00005d00   00000020  00000020  00000000  RWIX
  CMPSS6                00005d20   00000020  00000020  00000000  RWIX
  CMPSS7                00005d40   00000020  00000020  00000000  RWIX
  CMPSS8                00005d60   00000020  00000020  00000000  RWIX
  SDFM1                 00005e00   00000080  00000080  00000000  RWIX
  SDFM2                 00005e80   00000080  00000080  00000000  RWIX
  MCBSPA                00006000   00000040  00000024  0000001c  RWIX
  MCBSPB                00006040   00000040  00000024  0000001c  RWIX
  SPIA                  00006100   00000010  00000010  00000000  RWIX
  SPIB                  00006110   00000010  00000010  00000000  RWIX
  SPIC                  00006120   00000010  00000010  00000000  RWIX
  SPID                  00006130   00000010  00000000  00000010  RWIX
  UPP                   00006200   00000100  00000048  000000b8  RWIX
  WD                    00007000   00000040  0000002b  00000015  RWIX
  NMIINTRUPT            00007060   00000010  00000007  00000009  RWIX
  XINT                  00007070   00000010  0000000b  00000005  RWIX
  SCIA                  00007200   00000010  00000010  00000000  RWIX
  SCIB                  00007210   00000010  00000010  00000000  RWIX
  SCIC                  00007220   00000010  00000010  00000000  RWIX
  SCID                  00007230   00000010  00000010  00000000  RWIX
  I2CA                  00007300   00000040  00000022  0000001e  RWIX
  I2CB                  00007340   00000040  00000022  0000001e  RWIX
  ADCA                  00007400   00000080  00000080  00000000  RWIX
  ADCB                  00007480   00000080  00000080  00000000  RWIX
  ADCC                  00007500   00000080  00000080  00000000  RWIX
  ADCD                  00007580   00000080  00000080  00000000  RWIX
  INPUT_XBAR            00007900   00000020  00000020  00000000  RWIX
  XBAR                  00007920   00000020  00000020  00000000  RWIX
  SYNC_SOC              00007940   00000010  00000006  0000000a  RWIX
  DMACLASRCSEL          00007980   00000040  0000001a  00000026  RWIX
  EPWM_XBAR             00007a00   00000040  00000040  00000000  RWIX
  CLB_XBAR              00007a40   00000040  00000000  00000040  RWIX
  OUTPUT_XBAR           00007a80   00000040  00000040  00000000  RWIX
  GPIOCTRL              00007c00   00000180  00000180  00000000  RWIX
  GPIODAT               00007f00   00000030  00000030  00000000  RWIX
  RAMLS                 00008000   00003f00  0000075e  000037a2  RWIX
  RAMD1_RSVD            0000bf00   00000100  00000000  00000100  RWIX
  EMIF1                 00047000   00000800  00000070  00000790  RWIX
  EMIF2                 00047800   00000800  00000070  00000790  RWIX
  CANA                  00048000   00000800  00000164  0000069c  RWIX
  CANB                  0004a000   00000800  00000164  0000069c  RWIX
  FLASHPUMPSEMAPHORE    00050024   00000002  00000002  00000000  RWIX
  DEV_CFG               0005d000   00000180  0000012e  00000052  RWIX
  ANALOG_SUBSYS         0005d180   00000080  00000048  00000038  RWIX
  CLK_CFG               0005d200   00000100  00000032  000000ce  RWIX
  CPU_SYS               0005d300   00000100  00000082  0000007e  RWIX
  ROMPREFETCH           0005e608   00000002  00000002  00000000  RWIX
  DCSM_Z1               0005f000   00000030  00000024  0000000c  RWIX
  DCSM_Z2               0005f040   00000030  00000024  0000000c  RWIX
  DCSM_COMMON           0005f070   00000010  00000008  00000008  RWIX
  MEMCFG                0005f400   00000080  00000080  00000000  RWIX
  EMIF1CONFIG           0005f480   00000020  00000020  00000000  RWIX
  EMIF2CONFIG           0005f4a0   00000020  00000020  00000000  RWIX
  ACCESSPROTECTION      0005f4c0   00000040  00000040  00000000  RWIX
  MEMORYERROR           0005f500   00000040  00000040  00000000  RWIX
  ROMWAITSTATE          0005f540   00000002  00000002  00000000  RWIX
  FLASH0_CTRL           0005f800   00000300  00000182  0000017e  RWIX
  FLASH0_ECC            0005fb00   00000040  00000028  00000018  RWIX
  FLASH1_CTRL           0005fc00   00000300  00000182  0000017e  RWIX
  FLASH1_ECC            0005ff00   00000040  00000028  00000018  RWIX

PAGE 2:
  PIL_SYMBOLS           00000000   00001000  00000000  00001000  RWIX


SECTION ALLOCATION MAP

 output                                  attributes/
section   page    origin      length       input sections
--------  ----  ----------  ----------   ----------------
codestart 
*          0    00080000    00000002     
                  00080000    00000002     F2837xS_CodeStartBranch.obj (codestart)

AdcaResultFile 
*          1    00000b00    00000018     UNINITIALIZED
                  00000b00    00000018     F2837xS_GlobalVariableDefs.obj (AdcaResultFile)

AdcbResultFile 
*          1    00000b20    00000018     UNINITIALIZED
                  00000b20    00000018     F2837xS_GlobalVariableDefs.obj (AdcbResultFile)

AdccResultFile 
*          1    00000b40    00000018     UNINITIALIZED
                  00000b40    00000018     F2837xS_GlobalVariableDefs.obj (AdccResultFile)

AdcdResultFile 
*          1    00000b60    00000018     UNINITIALIZED
                  00000b60    00000018     F2837xS_GlobalVariableDefs.obj (AdcdResultFile)

CpuTimer0RegsFile 
*          1    00000c00    00000008     UNINITIALIZED
                  00000c00    00000008     F2837xS_GlobalVariableDefs.obj (CpuTimer0RegsFile)

CpuTimer1RegsFile 
*          1    00000c08    00000008     UNINITIALIZED
                  00000c08    00000008     F2837xS_GlobalVariableDefs.obj (CpuTimer1RegsFile)

CpuTimer2RegsFile 
*          1    00000c10    00000008     UNINITIALIZED
                  00000c10    00000008     F2837xS_GlobalVariableDefs.obj (CpuTimer2RegsFile)

PieCtrlRegsFile 
*          1    00000ce0    0000001a     UNINITIALIZED
                  00000ce0    0000001a     F2837xS_GlobalVariableDefs.obj (PieCtrlRegsFile)

PieVectTableFile 
*          1    00000d00    000001c0     UNINITIALIZED
                  00000d00    000001c0     F2837xS_GlobalVariableDefs.obj (PieVectTableFile)

EmuBModeVar 
*          1    00000d00    00000001     UNINITIALIZED
                  00000d00    00000001     F2837xS_GlobalVariableDefs.obj (EmuBModeVar)

EmuBootPinsVar 
*          1    00000d01    00000001     UNINITIALIZED
                  00000d01    00000001     F2837xS_GlobalVariableDefs.obj (EmuBootPinsVar)

DmaRegsFile 
*          1    00001000    000000e0     UNINITIALIZED
                  00001000    000000e0     F2837xS_GlobalVariableDefs.obj (DmaRegsFile)

Cla1RegsFile 
*          1    00001400    0000003e     UNINITIALIZED
                  00001400    0000003e     F2837xS_GlobalVariableDefs.obj (Cla1RegsFile)

EPwm1RegsFile 
*          1    00004000    00000100     UNINITIALIZED
                  00004000    00000100     F2837xS_GlobalVariableDefs.obj (EPwm1RegsFile)

EPwm2RegsFile 
*          1    00004100    00000100     UNINITIALIZED
                  00004100    00000100     F2837xS_GlobalVariableDefs.obj (EPwm2RegsFile)

EPwm3RegsFile 
*          1    00004200    00000100     UNINITIALIZED
                  00004200    00000100     F2837xS_GlobalVariableDefs.obj (EPwm3RegsFile)

EPwm4RegsFile 
*          1    00004300    00000100     UNINITIALIZED
                  00004300    00000100     F2837xS_GlobalVariableDefs.obj (EPwm4RegsFile)

EPwm5RegsFile 
*          1    00004400    00000100     UNINITIALIZED
                  00004400    00000100     F2837xS_GlobalVariableDefs.obj (EPwm5RegsFile)

EPwm6RegsFile 
*          1    00004500    00000100     UNINITIALIZED
                  00004500    00000100     F2837xS_GlobalVariableDefs.obj (EPwm6RegsFile)

EPwm7RegsFile 
*          1    00004600    00000100     UNINITIALIZED
                  00004600    00000100     F2837xS_GlobalVariableDefs.obj (EPwm7RegsFile)

EPwm8RegsFile 
*          1    00004700    00000100     UNINITIALIZED
                  00004700    00000100     F2837xS_GlobalVariableDefs.obj (EPwm8RegsFile)

EPwm9RegsFile 
*          1    00004800    00000100     UNINITIALIZED
                  00004800    00000100     F2837xS_GlobalVariableDefs.obj (EPwm9RegsFile)

EPwm10RegsFile 
*          1    00004900    00000100     UNINITIALIZED
                  00004900    00000100     F2837xS_GlobalVariableDefs.obj (EPwm10RegsFile)

EPwm11RegsFile 
*          1    00004a00    00000100     UNINITIALIZED
                  00004a00    00000100     F2837xS_GlobalVariableDefs.obj (EPwm11RegsFile)

EPwm12RegsFile 
*          1    00004b00    00000100     UNINITIALIZED
                  00004b00    00000100     F2837xS_GlobalVariableDefs.obj (EPwm12RegsFile)

ECap1RegsFile 
*          1    00005000    00000020     UNINITIALIZED
                  00005000    00000020     F2837xS_GlobalVariableDefs.obj (ECap1RegsFile)

ECap2RegsFile 
*          1    00005020    00000020     UNINITIALIZED
                  00005020    00000020     F2837xS_GlobalVariableDefs.obj (ECap2RegsFile)

ECap3RegsFile 
*          1    00005040    00000020     UNINITIALIZED
                  00005040    00000020     F2837xS_GlobalVariableDefs.obj (ECap3RegsFile)

ECap4RegsFile 
*          1    00005060    00000020     UNINITIALIZED
                  00005060    00000020     F2837xS_GlobalVariableDefs.obj (ECap4RegsFile)

ECap5RegsFile 
*          1    00005080    00000020     UNINITIALIZED
                  00005080    00000020     F2837xS_GlobalVariableDefs.obj (ECap5RegsFile)

ECap6RegsFile 
*          1    000050a0    00000020     UNINITIALIZED
                  000050a0    00000020     F2837xS_GlobalVariableDefs.obj (ECap6RegsFile)

EQep1RegsFile 
*          1    00005100    00000022     UNINITIALIZED
                  00005100    00000022     F2837xS_GlobalVariableDefs.obj (EQep1RegsFile)

EQep2RegsFile 
*          1    00005140    00000022     UNINITIALIZED
                  00005140    00000022     F2837xS_GlobalVariableDefs.obj (EQep2RegsFile)

EQep3RegsFile 
*          1    00005180    00000022     UNINITIALIZED
                  00005180    00000022     F2837xS_GlobalVariableDefs.obj (EQep3RegsFile)

DacaRegsFile 
*          1    00005c00    00000008     UNINITIALIZED
                  00005c00    00000008     F2837xS_GlobalVariableDefs.obj (DacaRegsFile)

DacbRegsFile 
*          1    00005c10    00000008     UNINITIALIZED
                  00005c10    00000008     F2837xS_GlobalVariableDefs.obj (DacbRegsFile)

DaccRegsFile 
*          1    00005c20    00000008     UNINITIALIZED
                  00005c20    00000008     F2837xS_GlobalVariableDefs.obj (DaccRegsFile)

Sdfm1RegsFile 
*          1    00005e00    00000080     UNINITIALIZED
                  00005e00    00000080     F2837xS_GlobalVariableDefs.obj (Sdfm1RegsFile)

Sdfm2RegsFile 
*          1    00005e80    00000080     UNINITIALIZED
                  00005e80    00000080     F2837xS_GlobalVariableDefs.obj (Sdfm2RegsFile)

McbspaRegsFile 
*          1    00006000    00000024     UNINITIALIZED
                  00006000    00000024     F2837xS_GlobalVariableDefs.obj (McbspaRegsFile)

McbspbRegsFile 
*          1    00006040    00000024     UNINITIALIZED
                  00006040    00000024     F2837xS_GlobalVariableDefs.obj (McbspbRegsFile)

SpiaRegsFile 
*          1    00006100    00000010     UNINITIALIZED
                  00006100    00000010     F2837xS_GlobalVariableDefs.obj (SpiaRegsFile)

SpibRegsFile 
*          1    00006110    00000010     UNINITIALIZED
                  00006110    00000010     F2837xS_GlobalVariableDefs.obj (SpibRegsFile)

SpicRegsFile 
*          1    00006120    00000010     UNINITIALIZED
                  00006120    00000010     F2837xS_GlobalVariableDefs.obj (SpicRegsFile)

UppRegsFile 
*          1    00006200    00000048     UNINITIALIZED
                  00006200    00000048     F2837xS_GlobalVariableDefs.obj (UppRegsFile)

WdRegsFile 
*          1    00007000    0000002b     UNINITIALIZED
                  00007000    0000002b     F2837xS_GlobalVariableDefs.obj (WdRegsFile)

NmiIntruptRegsFile 
*          1    00007060    00000007     UNINITIALIZED
                  00007060    00000007     F2837xS_GlobalVariableDefs.obj (NmiIntruptRegsFile)

XintRegsFile 
*          1    00007070    0000000b     UNINITIALIZED
                  00007070    0000000b     F2837xS_GlobalVariableDefs.obj (XintRegsFile)

SciaRegsFile 
*          1    00007200    00000010     UNINITIALIZED
                  00007200    00000010     F2837xS_GlobalVariableDefs.obj (SciaRegsFile)

ScibRegsFile 
*          1    00007210    00000010     UNINITIALIZED
                  00007210    00000010     F2837xS_GlobalVariableDefs.obj (ScibRegsFile)

ScicRegsFile 
*          1    00007220    00000010     UNINITIALIZED
                  00007220    00000010     F2837xS_GlobalVariableDefs.obj (ScicRegsFile)

ScidRegsFile 
*          1    00007230    00000010     UNINITIALIZED
                  00007230    00000010     F2837xS_GlobalVariableDefs.obj (ScidRegsFile)

I2caRegsFile 
*          1    00007300    00000022     UNINITIALIZED
                  00007300    00000022     F2837xS_GlobalVariableDefs.obj (I2caRegsFile)

I2cbRegsFile 
*          1    00007340    00000022     UNINITIALIZED
                  00007340    00000022     F2837xS_GlobalVariableDefs.obj (I2cbRegsFile)

AdcaRegsFile 
*          1    00007400    00000080     UNINITIALIZED
                  00007400    00000080     F2837xS_GlobalVariableDefs.obj (AdcaRegsFile)

AdcbRegsFile 
*          1    00007480    00000080     UNINITIALIZED
                  00007480    00000080     F2837xS_GlobalVariableDefs.obj (AdcbRegsFile)

AdccRegsFile 
*          1    00007500    00000080     UNINITIALIZED
                  00007500    00000080     F2837xS_GlobalVariableDefs.obj (AdccRegsFile)

AdcdRegsFile 
*          1    00007580    00000080     UNINITIALIZED
                  00007580    00000080     F2837xS_GlobalVariableDefs.obj (AdcdRegsFile)

DmaClaSrcSelRegsFile 
*          1    00007980    0000001a     UNINITIALIZED
                  00007980    0000001a     F2837xS_GlobalVariableDefs.obj (DmaClaSrcSelRegsFile)

EPwmXbarRegsFile 
*          1    00007a00    00000040     UNINITIALIZED
                  00007a00    00000040     F2837xS_GlobalVariableDefs.obj (EPwmXbarRegsFile)

Emif1RegsFile 
*          1    00047000    00000070     UNINITIALIZED
                  00047000    00000070     F2837xS_GlobalVariableDefs.obj (Emif1RegsFile)

Emif2RegsFile 
*          1    00047800    00000070     UNINITIALIZED
                  00047800    00000070     F2837xS_GlobalVariableDefs.obj (Emif2RegsFile)

CanaRegsFile 
*          1    00048000    00000164     UNINITIALIZED
                  00048000    00000164     F2837xS_GlobalVariableDefs.obj (CanaRegsFile)

CanbRegsFile 
*          1    0004a000    00000164     UNINITIALIZED
                  0004a000    00000164     F2837xS_GlobalVariableDefs.obj (CanbRegsFile)

AnalogSubsysRegsFile 
*          1    0005d180    00000048     UNINITIALIZED
                  0005d180    00000048     F2837xS_GlobalVariableDefs.obj (AnalogSubsysRegsFile)

Cla1SoftIntRegsFile 
*          1    00000ce0    00000004     DSECT
                  00000ce0    00000004     F2837xS_GlobalVariableDefs.obj (Cla1SoftIntRegsFile)

Cmpss1RegsFile 
*          1    00005c80    00000020     UNINITIALIZED
                  00005c80    00000020     F2837xS_GlobalVariableDefs.obj (Cmpss1RegsFile)

Cmpss2RegsFile 
*          1    00005ca0    00000020     UNINITIALIZED
                  00005ca0    00000020     F2837xS_GlobalVariableDefs.obj (Cmpss2RegsFile)

Cmpss3RegsFile 
*          1    00005cc0    00000020     UNINITIALIZED
                  00005cc0    00000020     F2837xS_GlobalVariableDefs.obj (Cmpss3RegsFile)

Cmpss4RegsFile 
*          1    00005ce0    00000020     UNINITIALIZED
                  00005ce0    00000020     F2837xS_GlobalVariableDefs.obj (Cmpss4RegsFile)

Cmpss5RegsFile 
*          1    00005d00    00000020     UNINITIALIZED
                  00005d00    00000020     F2837xS_GlobalVariableDefs.obj (Cmpss5RegsFile)

Cmpss6RegsFile 
*          1    00005d20    00000020     UNINITIALIZED
                  00005d20    00000020     F2837xS_GlobalVariableDefs.obj (Cmpss6RegsFile)

Cmpss7RegsFile 
*          1    00005d40    00000020     UNINITIALIZED
                  00005d40    00000020     F2837xS_GlobalVariableDefs.obj (Cmpss7RegsFile)

Cmpss8RegsFile 
*          1    00005d60    00000020     UNINITIALIZED
                  00005d60    00000020     F2837xS_GlobalVariableDefs.obj (Cmpss8RegsFile)

InputXbarRegsFile 
*          1    00007900    00000020     UNINITIALIZED
                  00007900    00000020     F2837xS_GlobalVariableDefs.obj (InputXbarRegsFile)

XbarRegsFile 
*          1    00007920    00000020     UNINITIALIZED
                  00007920    00000020     F2837xS_GlobalVariableDefs.obj (XbarRegsFile)

SyncSocRegsFile 
*          1    00007940    00000006     UNINITIALIZED
                  00007940    00000006     F2837xS_GlobalVariableDefs.obj (SyncSocRegsFile)

OutputXbarRegsFile 
*          1    00007a80    00000040     UNINITIALIZED
                  00007a80    00000040     F2837xS_GlobalVariableDefs.obj (OutputXbarRegsFile)

GpioCtrlRegsFile 
*          1    00007c00    00000180     UNINITIALIZED
                  00007c00    00000180     F2837xS_GlobalVariableDefs.obj (GpioCtrlRegsFile)

GpioDataRegsFile 
*          1    00007f00    00000030     UNINITIALIZED
                  00007f00    00000030     F2837xS_GlobalVariableDefs.obj (GpioDataRegsFile)

FlashPumpSemaphoreRegsFile 
*          1    00050024    00000002     UNINITIALIZED
                  00050024    00000002     F2837xS_GlobalVariableDefs.obj (FlashPumpSemaphoreRegsFile)

RomPrefetchRegsFile 
*          1    0005e608    00000002     UNINITIALIZED
                  0005e608    00000002     F2837xS_GlobalVariableDefs.obj (RomPrefetchRegsFile)

DcsmZ1RegsFile 
*          1    0005f000    00000024     UNINITIALIZED
                  0005f000    00000024     F2837xS_GlobalVariableDefs.obj (DcsmZ1RegsFile)

DcsmZ2RegsFile 
*          1    0005f040    00000024     UNINITIALIZED
                  0005f040    00000024     F2837xS_GlobalVariableDefs.obj (DcsmZ2RegsFile)

DcsmCommonRegsFile 
*          1    0005f070    00000008     UNINITIALIZED
                  0005f070    00000008     F2837xS_GlobalVariableDefs.obj (DcsmCommonRegsFile)

MemCfgRegsFile 
*          1    0005f400    00000080     UNINITIALIZED
                  0005f400    00000080     F2837xS_GlobalVariableDefs.obj (MemCfgRegsFile)

Emif1ConfigRegsFile 
*          1    0005f480    00000020     UNINITIALIZED
                  0005f480    00000020     F2837xS_GlobalVariableDefs.obj (Emif1ConfigRegsFile)

Emif2ConfigRegsFile 
*          1    0005f4a0    00000020     UNINITIALIZED
                  0005f4a0    00000020     F2837xS_GlobalVariableDefs.obj (Emif2ConfigRegsFile)

AccessProtectionRegsFile 
*          1    0005f4c0    00000040     UNINITIALIZED
                  0005f4c0    00000040     F2837xS_GlobalVariableDefs.obj (AccessProtectionRegsFile)

MemoryErrorRegsFile 
*          1    0005f500    00000040     UNINITIALIZED
                  0005f500    00000040     F2837xS_GlobalVariableDefs.obj (MemoryErrorRegsFile)

RomWaitStateRegsFile 
*          1    0005f540    00000002     UNINITIALIZED
                  0005f540    00000002     F2837xS_GlobalVariableDefs.obj (RomWaitStateRegsFile)

Flash0CtrlRegsFile 
*          1    0005f800    00000182     UNINITIALIZED
                  0005f800    00000182     F2837xS_GlobalVariableDefs.obj (Flash0CtrlRegsFile)

Flash0EccRegsFile 
*          1    0005fb00    00000028     UNINITIALIZED
                  0005fb00    00000028     F2837xS_GlobalVariableDefs.obj (Flash0EccRegsFile)

Flash1CtrlRegsFile 
*          1    0005fc00    00000182     UNINITIALIZED
                  0005fc00    00000182     F2837xS_GlobalVariableDefs.obj (Flash1CtrlRegsFile)

Flash1EccRegsFile 
*          1    0005ff00    00000028     UNINITIALIZED
                  0005ff00    00000028     F2837xS_GlobalVariableDefs.obj (Flash1EccRegsFile)

DevCfgRegsFile 
*          1    0005d000    0000012e     UNINITIALIZED
                  0005d000    0000012e     F2837xS_GlobalVariableDefs.obj (DevCfgRegsFile)

ClkCfgRegsFile 
*          1    0005d200    00000032     UNINITIALIZED
                  0005d200    00000032     F2837xS_GlobalVariableDefs.obj (ClkCfgRegsFile)

CpuSysRegsFile 
*          1    0005d300    00000082     UNINITIALIZED
                  0005d300    00000082     F2837xS_GlobalVariableDefs.obj (CpuSysRegsFile)

.cinit     0    00084f64    00000064     
                  00084f64    00000012     LaunchPad.obj (.cinit)
                  00084f76    0000000f     LaunchPad.obj (.cinit:_fsm_outputPtrs$5)
                  00084f85    0000000f     LaunchPad.obj (.cinit:_fsm_outputs$6)
                  00084f94    0000000e     rts2800_fpu32.lib : exit.c.obj (.cinit)
                  00084fa2    0000000d     LaunchPad.obj (.cinit:_fsm_inputPtrs$3)
                  00084faf    0000000d     LaunchPad.obj (.cinit:_fsm_inputs$4)
                  00084fbc    00000005     rts2800_fpu32.lib : _lock.c.obj (.cinit:__lock)
                  00084fc1    00000005                       : _lock.c.obj (.cinit:__unlock)
                  00084fc6    00000002     --HOLE-- [fill = 0]

.pinit     0    00080004    00000000     UNINITIALIZED

.text      0    00080004    00004e58     
                  00080004    00000d5d     LaunchPad.obj (.text)
                  00080d61    0000061c     pil_c28_fpu32.lib : probes.obj (.text)
                  0008137d    000005d2     pwm_2837x.obj (.text)
                  0008194f    00000585     F2837xS_DefaultISR.obj (.text:retain)
                  00081ed4    000004d4     pil_c28_fpu32.lib : scope.obj (.text)
                  000823a8    00000432     dispatcher_2837x.obj (.text)
                  000827da    000003f7     pil_c28_fpu32.lib : pil.obj (.text)
                  00082bd1    0000032d     F2837xS_DevInit.obj (.text)
                  00082efe    00000324     pil_c28_fpu32.lib : seriallink.obj (.text)
                  00083222    000002ca     hal_2837x.obj (.text)
                  000834ec    00000277     qep_2837x.obj (.text)
                  00083763    0000023d     can.obj (.text)
                  000839a0    00000220     pil_c28_fpu32.lib : basicservices.obj (.text)
                  00083bc0    0000020c     LaunchPad_0.obj (.text)
                  00083dcc    00000208     pil_c28_fpu32.lib : remoteagent.obj (.text)
                  00083fd4    0000018e     canbus_2837x.obj (.text)
                  00084162    0000018c     spi_2837x.obj (.text)
                  000842ee    00000173     pil_c28_fpu32.lib : parallelbridge.obj (.text)
                  00084461    00000154     dispatcher_2837x.obj (.text:retain)
                  000845b5    0000012d     power.obj (.text)
                  000846e2    00000115     ain_2837x.obj (.text)
                  000847f7    0000010a     cap_2837x.obj (.text)
                  00084901    000000e4     F2837xS_Adc.obj (.text)
                  000849e5    000000a6     dio_2837x.obj (.text)
                  00084a8b    00000088     rts2800_fpu32.lib : fs_div28.asm.obj (.text)
                  00084b13    00000072     main.obj (.text)
                  00084b85    00000063     rts2800_fpu32.lib : s_cosf.c.obj (.text)
                  00084be8    00000062     pil_c28_fpu32.lib : ringbuf.obj (.text)
                  00084c4a    00000059     rts2800_fpu32.lib : s_floorf.c.obj (.text)
                  00084ca3    00000059                       : s_sinf.c.obj (.text)
                  00084cfc    00000056                       : boot28.asm.obj (.text)
                  00084d52    0000003f     gatedriver_basic.obj (.text)
                  00084d91    00000032     dac_2837x.obj (.text)
                  00084dc3    00000029     rts2800_fpu32.lib : exit.c.obj (.text)
                  00084dec    00000024                       : cpy_tbl.c.obj (.text)
                  00084e10    0000001d                       : memcpy.c.obj (.text)
                  00084e2d    00000012                       : args_main.c.obj (.text)
                  00084e3f    0000000a     F2837xS_DevInit.obj (.text:retain)
                  00084e49    00000009     rts2800_fpu32.lib : _lock.c.obj (.text)
                  00084e52    00000007     pil_c28_fpu32.lib : pil_f28x_dis_int.obj (.text)
                  00084e59    00000002     rts2800_fpu32.lib : pre_init.c.obj (.text)
                  00084e5b    00000001                       : startup.c.obj (.text)

.stack     1    00000400    00000300     UNINITIALIZED
                  00000400    00000300     --HOLE--

.ebss      1    00008000    0000075e     UNINITIALIZED
                  00008000    000003e2     main.obj (.ebss)
                  000083e2    00000018     LaunchPad.obj (.ebss:_LaunchPad_fsm_struct)
                  000083fa    00000006     rts2800_fpu32.lib : exit.c.obj (.ebss)
                  00008400    000001e0     hal_2837x.obj (.ebss)
                  000085e0    00000020     power.obj (.ebss)
                  00008600    000000ba     LaunchPad.obj (.ebss)
                  000086ba    00000002     LaunchPad.obj (.ebss:_LaunchPad_D_double)
                  000086bc    00000002     rts2800_fpu32.lib : _lock.c.obj (.ebss:__lock)
                  000086be    00000002                       : _lock.c.obj (.ebss:__unlock)
                  000086c0    0000003a     dispatcher_2837x.obj (.ebss)
                  000086fa    00000001     LaunchPad.obj (.ebss:_fsm_takenTransitions$7)
                  000086fb    00000005     --HOLE--
                  00008700    00000018     dio_2837x.obj (.ebss)
                  00008718    0000000e     LaunchPad.obj (.ebss:_LaunchPad_deriv)
                  00008726    0000000c     LaunchPad.obj (.ebss:_fsm_outputPtrs$5)
                  00008732    0000000c     LaunchPad.obj (.ebss:_fsm_outputs$6)
                  0000873e    00000002     --HOLE--
                  00008740    0000000a     main.obj (.ebss:_Tasks)
                  0000874a    0000000a     LaunchPad.obj (.ebss:_fsm_inputPtrs$3)
                  00008754    0000000a     LaunchPad.obj (.ebss:_fsm_inputs$4)

.econst    0    00084e5c    00000108     
                  00084e5c    0000006a     LaunchPad.obj (.econst:.string)
                  00084ec6    00000048     dispatcher_2837x.obj (.econst:pilv:retain)
                  00084f0e    00000038     pil_symbols_c.obj (.econst:pilv:retain)
                  00084f46    00000010     pil_c28_fpu32.lib : seriallink.obj (.econst:_PIL_SLINK_crc16Lookup)
                  00084f56    00000006     dispatcher_2837x.obj (.econst:.string)
                  00084f5c    00000006     LaunchPad.obj (.econst)
                  00084f62    00000002     rts2800_fpu32.lib : s_floorf.c.obj (.econst)

.switch    0    00085028    00000018     
                  00085028    00000018     pwm_2837x.obj (.switch:_PWM_getRegisterBase)

.reset     0    003fffc0    00000002     DSECT
                  003fffc0    00000002     rts2800_fpu32.lib : boot28.asm.obj (.reset)

ramfuncs   0    00084fc8    00000057     RUN ADDR = 00000124
                  00084fc8    00000057     F2837xS_DevInit.obj (ramfuncs)

.TI.ramfunc 
*          0    0008501f    00000008     RUN ADDR = 0000017b
                  0008501f    00000004     F2837xS_usDelay.obj (.TI.ramfunc)
                  00085023    00000004     sysctl.obj (.TI.ramfunc)

.csconf    2    00000000    00000001     COPY SECTION
                  00000000    00000001     pil_symbols_p.obj (.econst:pilv:retain)

MODULE SUMMARY

       Module                           code    initialized data   uninitialized data
       ------                           ----    ----------------   ------------------
    .\output_TI2837xS\
       F2837xS_GlobalVariableDefs.obj   0       0                  9085              
       LaunchPad.obj                    3421    186                271               
       dispatcher_2837x.obj             1414    78                 58                
       pwm_2837x.obj                    1490    24                 0                 
       F2837xS_DefaultISR.obj           1413    0                  0                 
       hal_2837x.obj                    714     0                  480               
       main.obj                         114     0                  1004              
       F2837xS_DevInit.obj              997     0                  0                 
       qep_2837x.obj                    631     0                  0                 
       can.obj                          573     0                  0                 
       LaunchPad_0.obj                  524     0                  0                 
       canbus_2837x.obj                 398     0                  0                 
       spi_2837x.obj                    396     0                  0                 
       power.obj                        301     0                  32                
       ain_2837x.obj                    277     0                  0                 
       cap_2837x.obj                    266     0                  0                 
       F2837xS_Adc.obj                  228     0                  0                 
       dio_2837x.obj                    166     0                  24                
       gatedriver_basic.obj             63      0                  0                 
       pil_symbols_c.obj                0       56                 0                 
       dac_2837x.obj                    50      0                  0                 
       F2837xS_usDelay.obj              8       0                  0                 
       sysctl.obj                       8       0                  0                 
       F2837xS_CodeStartBranch.obj      2       0                  0                 
    +--+--------------------------------+-------+------------------+--------------------+
       Total:                           13454   344                10954             
                                                                                     
    C:\ti\ti-cgt-c2000_20.2.2.LTS\LIB\rts2800_fpu32.lib
       fs_div28.asm.obj                 136     0                  0                 
       s_cosf.c.obj                     99      0                  0                 
       s_floorf.c.obj                   89      2                  0                 
       s_sinf.c.obj                     89      0                  0                 
       boot28.asm.obj                   86      0                  0                 
       exit.c.obj                       41      14                 6                 
       cpy_tbl.c.obj                    36      0                  0                 
       memcpy.c.obj                     29      0                  0                 
       _lock.c.obj                      9       10                 4                 
       args_main.c.obj                  18      0                  0                 
       pre_init.c.obj                   2       0                  0                 
       startup.c.obj                    1       0                  0                 
    +--+--------------------------------+-------+------------------+--------------------+
       Total:                           635     26                 10                
                                                                                     
    H:\Research\Software_Library\Coder Targets\ti_c2000\TI2837xS\pil\pil_c28_fpu32.lib
       probes.obj                       1564    0                  0                 
       scope.obj                        1236    0                  0                 
       pil.obj                          1015    0                  0                 
       seriallink.obj                   804     16                 0                 
       basicservices.obj                544     0                  0                 
       remoteagent.obj                  520     0                  0                 
       parallelbridge.obj               371     0                  0                 
       ringbuf.obj                      98      0                  0                 
       pil_f28x_dis_int.obj             7       0                  0                 
    +--+--------------------------------+-------+------------------+--------------------+
       Total:                           6159    16                 0                 
                                                                                     
       Stack:                           0       0                  768               
    +--+--------------------------------+-------+------------------+--------------------+
       Grand Total:                     20248   386                11732             


GLOBAL DATA SYMBOLS: SORTED BY DATA PAGE

address     data page           name
--------    ----------------    ----
00000000       0 (00000000)     _PIL_C_ProcessorPartNumber

00000400      10 (00000400)     __stack

00000b00      2c (00000b00)     _AdcaResultRegs
00000b20      2c (00000b00)     _AdcbResultRegs

00000b40      2d (00000b40)     _AdccResultRegs
00000b60      2d (00000b40)     _AdcdResultRegs

00000c00      30 (00000c00)     _CpuTimer0Regs
00000c08      30 (00000c00)     _CpuTimer1Regs
00000c10      30 (00000c00)     _CpuTimer2Regs

00000ce0      33 (00000cc0)     _Cla1SoftIntRegs
00000ce0      33 (00000cc0)     _PieCtrlRegs

00000d00      34 (00000d00)     _EmuBMode
00000d00      34 (00000d00)     _PieVectTable
00000d01      34 (00000d00)     _EmuBootPins

00001000      40 (00001000)     _DmaRegs

00001400      50 (00001400)     _Cla1Regs

00004000     100 (00004000)     _EPwm1Regs

00004100     104 (00004100)     _EPwm2Regs

00004200     108 (00004200)     _EPwm3Regs

00004300     10c (00004300)     _EPwm4Regs

00004400     110 (00004400)     _EPwm5Regs

00004500     114 (00004500)     _EPwm6Regs

00004600     118 (00004600)     _EPwm7Regs

00004700     11c (00004700)     _EPwm8Regs

00004800     120 (00004800)     _EPwm9Regs

00004900     124 (00004900)     _EPwm10Regs

00004a00     128 (00004a00)     _EPwm11Regs

00004b00     12c (00004b00)     _EPwm12Regs

00005000     140 (00005000)     _ECap1Regs
00005020     140 (00005000)     _ECap2Regs

00005040     141 (00005040)     _ECap3Regs
00005060     141 (00005040)     _ECap4Regs

00005080     142 (00005080)     _ECap5Regs
000050a0     142 (00005080)     _ECap6Regs

00005100     144 (00005100)     _EQep1Regs

00005140     145 (00005140)     _EQep2Regs

00005180     146 (00005180)     _EQep3Regs

00005c00     170 (00005c00)     _DacaRegs
00005c10     170 (00005c00)     _DacbRegs
00005c20     170 (00005c00)     _DaccRegs

00005c80     172 (00005c80)     _Cmpss1Regs
00005ca0     172 (00005c80)     _Cmpss2Regs

00005cc0     173 (00005cc0)     _Cmpss3Regs
00005ce0     173 (00005cc0)     _Cmpss4Regs

00005d00     174 (00005d00)     _Cmpss5Regs
00005d20     174 (00005d00)     _Cmpss6Regs

00005d40     175 (00005d40)     _Cmpss7Regs
00005d60     175 (00005d40)     _Cmpss8Regs

00005e00     178 (00005e00)     _Sdfm1Regs

00005e80     17a (00005e80)     _Sdfm2Regs

00006000     180 (00006000)     _McbspaRegs

00006040     181 (00006040)     _McbspbRegs

00006100     184 (00006100)     _SpiaRegs
00006110     184 (00006100)     _SpibRegs
00006120     184 (00006100)     _SpicRegs

00006200     188 (00006200)     _UppRegs

00007000     1c0 (00007000)     _WdRegs

00007060     1c1 (00007040)     _NmiIntruptRegs
00007070     1c1 (00007040)     _XintRegs

00007200     1c8 (00007200)     _SciaRegs
00007210     1c8 (00007200)     _ScibRegs
00007220     1c8 (00007200)     _ScicRegs
00007230     1c8 (00007200)     _ScidRegs

00007300     1cc (00007300)     _I2caRegs

00007340     1cd (00007340)     _I2cbRegs

00007400     1d0 (00007400)     _AdcaRegs

00007480     1d2 (00007480)     _AdcbRegs

00007500     1d4 (00007500)     _AdccRegs

00007580     1d6 (00007580)     _AdcdRegs

00007900     1e4 (00007900)     _InputXbarRegs
00007920     1e4 (00007900)     _XbarRegs

00007940     1e5 (00007940)     _SyncSocRegs

00007980     1e6 (00007980)     _DmaClaSrcSelRegs

00007a00     1e8 (00007a00)     _EPwmXbarRegs

00007a80     1ea (00007a80)     _OutputXbarRegs

00007c00     1f0 (00007c00)     _GpioCtrlRegs

00007f00     1fc (00007f00)     _GpioDataRegs

00008000     200 (00008000)     _PilHandle

00008040     201 (00008040)     _PilObj

000083fa     20f (000083c0)     ___TI_enable_exit_profile_output
000083fc     20f (000083c0)     ___TI_cleanup_ptr
000083fe     20f (000083c0)     ___TI_dtors_ptr

00008400     210 (00008400)     _HAL_SObj

000085e0     217 (000085c0)     _PWR_SHandle
000085e2     217 (000085c0)     _PWR_SObj

00008606     218 (00008600)     _LaunchPad_errorStatus
0000861a     218 (00008600)     _LaunchPad_X

00008640     219 (00008640)     _LaunchPad_B

000086bc     21a (00008680)     __lock
000086be     21a (00008680)     __unlock

000086c0     21b (000086c0)     _DisprHandle
000086c2     21b (000086c0)     _DisprObj

00008740     21d (00008740)     _Tasks

00047000    11c0 (00047000)     _Emif1Regs

00047800    11e0 (00047800)     _Emif2Regs

00048000    1200 (00048000)     _CanaRegs

0004a000    1280 (0004a000)     _CanbRegs

00050024    1400 (00050000)     _FlashPumpSemaphoreRegs

0005d000    1740 (0005d000)     _DevCfgRegs

0005d180    1746 (0005d180)     _AnalogSubsysRegs

0005d200    1748 (0005d200)     _ClkCfgRegs

0005d300    174c (0005d300)     _CpuSysRegs

0005e608    1798 (0005e600)     _RomPrefetchRegs

0005f000    17c0 (0005f000)     _DcsmZ1Regs

0005f040    17c1 (0005f040)     _DcsmZ2Regs
0005f070    17c1 (0005f040)     _DcsmCommonRegs

0005f400    17d0 (0005f400)     _MemCfgRegs

0005f480    17d2 (0005f480)     _Emif1ConfigRegs
0005f4a0    17d2 (0005f480)     _Emif2ConfigRegs

0005f4c0    17d3 (0005f4c0)     _AccessProtectionRegs

0005f500    17d4 (0005f500)     _MemoryErrorRegs

0005f540    17d5 (0005f540)     _RomWaitStateRegs

0005f800    17e0 (0005f800)     _Flash0CtrlRegs

0005fb00    17ec (0005fb00)     _Flash0EccRegs

0005fc00    17f0 (0005fc00)     _Flash1CtrlRegs

0005ff00    17fc (0005ff00)     _Flash1EccRegs

00084ec6    213b (00084ec0)     _PIL_V_DisprObj_ctrlPeriod
00084ecc    213b (00084ec0)     _PIL_V_DisprObj_task2DispatchPeriod
00084ed2    213b (00084ec0)     _PIL_V_DisprObj_thisCntdownTimestamp0
00084ed8    213b (00084ec0)     _PIL_V_DisprObj_thisCntdownTimestamp1
00084ede    213b (00084ec0)     _PIL_V_DisprObj_thisCntdownTimestamp2
00084ee4    213b (00084ec0)     _PIL_V_DisprObj_cntdownTimestamp1
00084eea    213b (00084ec0)     _PIL_V_DisprObj_cntdownTimestamp2
00084ef0    213b (00084ec0)     _PIL_V_DisprObj_task1Margin
00084ef6    213b (00084ec0)     _PIL_V_DisprObj_task1WorstCaseMargin
00084efc    213b (00084ec0)     _PIL_V_DisprObj_cpuLoadInPercent

00084f02    213c (00084f00)     _PIL_V_DisprObj_variablePeriodDetected
00084f08    213c (00084f00)     _PIL_V_DisprObj_pwmTBPRDWc
00084f0e    213c (00084f00)     _PIL_D_FrameworkVersion
00084f0f    213c (00084f00)     _PIL_D_StationAddress
00084f10    213c (00084f00)     _PIL_D_Guid
00084f18    213c (00084f00)     _PIL_D_CompiledBy
00084f24    213c (00084f00)     _PIL_D_FirmwareDescription
00084f32    213c (00084f00)     _PIL_D_CompiledDate

00084f46    213d (00084f40)     _PIL_SLINK_crc16Lookup
00084f5e    213d (00084f40)     _LaunchPad_sampleTime
00084f60    213d (00084f40)     _LaunchPad_checksum


GLOBAL SYMBOLS: SORTED ALPHABETICALLY BY Name 

page  address   name                                  
----  -------   ----                                  
0     00080004  .text                                 
0     00084dc3  C$$EXIT                               
0     00084a8b  FS$$DIV                               
0     00081eca  _ADCA1_ISR                            
0     00081ec0  _ADCA2_ISR                            
0     00081eb6  _ADCA3_ISR                            
0     00081eac  _ADCA4_ISR                            
0     00081ea2  _ADCA_EVT_ISR                         
0     00081e98  _ADCB1_ISR                            
0     00081e8e  _ADCB2_ISR                            
0     00081e84  _ADCB3_ISR                            
0     00081e7a  _ADCB4_ISR                            
0     00081e70  _ADCB_EVT_ISR                         
0     00081e66  _ADCC1_ISR                            
0     00081e5c  _ADCC2_ISR                            
0     00081e52  _ADCC3_ISR                            
0     00081e48  _ADCC4_ISR                            
0     00081e3e  _ADCC_EVT_ISR                         
0     00081e34  _ADCD1_ISR                            
0     00081e2a  _ADCD2_ISR                            
0     00081e20  _ADCD3_ISR                            
0     00081e16  _ADCD4_ISR                            
0     00081e0c  _ADCD_EVT_ISR                         
0     00084776  _AIN_configure                        
0     0008475c  _AIN_getRegisterBase                  
0     00084755  _AIN_init                             
0     00084742  _AIN_resetChannelSetup                
0     00084739  _AIN_setDefaultAdcParams              
0     00084730  _AIN_setDefaultChannelParams          
0     000846e3  _AIN_setupChannel                     
0     000846e2  _AIN_sinit                            
0     00081e02  _AUX_PLL_SLIP_ISR                     
1     0005f4c0  _AccessProtectionRegs                 
0     00084939  _AdcSetMode                           
1     00007400  _AdcaRegs                             
1     00000b00  _AdcaResultRegs                       
1     00007480  _AdcbRegs                             
1     00000b20  _AdcbResultRegs                       
1     00007500  _AdccRegs                             
1     00000b40  _AdccResultRegs                       
1     00007580  _AdcdRegs                             
1     00000b60  _AdcdResultRegs                       
1     0005d180  _AnalogSubsysRegs                     
0     00081df8  _CANA0_ISR                            
0     00081dee  _CANA1_ISR                            
0     00081de4  _CANB0_ISR                            
0     00081dda  _CANB1_ISR                            
0     000840b2  _CANBUS_configure                     
0     000840aa  _CANBUS_disableMailbox                
0     00084086  _CANBUS_getMessage                    
0     0008407f  _CANBUS_init                          
0     00084074  _CANBUS_isBusOn                       
0     00084069  _CANBUS_isErrorActive                 
0     00084030  _CANBUS_putMessage                    
0     00084013  _CANBUS_readyForTx                    
0     00084009  _CANBUS_setBusOn                      
0     00083fd5  _CANBUS_setupMailbox                  
0     00083fd4  _CANBUS_sinit                         
0     00083985  _CAN_clearInterruptStatus             
0     0008396e  _CAN_clearMessage                     
0     00083957  _CAN_initModule                       
0     00083912  _CAN_readMessage                      
0     000838c4  _CAN_sendMessage                      
0     0008388b  _CAN_setBitRate                       
0     00083856  _CAN_setBitTiming                     
0     000837a3  _CAN_setupMessageObject               
0     00083763  _CAN_transferMessage                  
0     0008485c  _CAP_configure                        
0     00084814  _CAP_getNewValues                     
0     0008480d  _CAP_init                             
0     000847f7  _CAP_setDefaultParams                 
0     00081dd0  _CLA1_1_ISR                           
0     00081dc6  _CLA1_2_ISR                           
0     00081dbc  _CLA1_3_ISR                           
0     00081db2  _CLA1_4_ISR                           
0     00081da8  _CLA1_5_ISR                           
0     00081d9e  _CLA1_6_ISR                           
0     00081d94  _CLA1_7_ISR                           
0     00081d8a  _CLA1_8_ISR                           
0     00081d80  _CLA_OVERFLOW_ISR                     
0     00081d76  _CLA_UNDERFLOW_ISR                    
0     00084901  _CalAdcINL                            
1     00048000  _CanaRegs                             
1     0004a000  _CanbRegs                             
1     00001400  _Cla1Regs                             
0     00000ce0  _Cla1SoftIntRegs                      
1     0005d200  _ClkCfgRegs                           
1     00005c80  _Cmpss1Regs                           
1     00005ca0  _Cmpss2Regs                           
1     00005cc0  _Cmpss3Regs                           
1     00005ce0  _Cmpss4Regs                           
1     00005d00  _Cmpss5Regs                           
1     00005d20  _Cmpss6Regs                           
1     00005d40  _Cmpss7Regs                           
1     00005d60  _Cmpss8Regs                           
1     0005d300  _CpuSysRegs                           
1     00000c00  _CpuTimer0Regs                        
1     00000c08  _CpuTimer1Regs                        
1     00000c10  _CpuTimer2Regs                        
0     00084da4  _DAC_configure                        
0     00084d9d  _DAC_init                             
0     00084d91  _DAC_sinit                            
0     00081d6c  _DATALOG_ISR                          
0     00084a86  _DIO_configureIn                      
0     00084a81  _DIO_configureOut                     
0     00084a19  _DIO_init                             
0     00084a11  _DIO_obtainDummyRead                  
0     00084a0e  _DIO_obtainDummyWrite                 
0     000849e5  _DIO_sinit                            
0     000827a8  _DISPR_configure                      
0     000827a2  _DISPR_registerIdleTask               
0     00082752  _DISPR_registerTask                   
0     000823c4  _DISPR_reset                          
0     0008274c  _DISPR_setPowerupDelay                
0     00082713  _DISPR_setTriggerByAdcViaPwm          
0     000826e6  _DISPR_setTriggerByAdcViaTimer        
0     00082686  _DISPR_setTriggerByPwm                
0     00082641  _DISPR_setTriggerByTimer              
0     00082629  _DISPR_setupTimer                     
0     00082611  _DISPR_sinit                          
0     00082481  _DISPR_start                          
0     000823a8  _DISPR_stop                           
0     00081d62  _DMA_CH1_ISR                          
0     00081d58  _DMA_CH2_ISR                          
0     00081d4e  _DMA_CH3_ISR                          
0     00081d44  _DMA_CH4_ISR                          
0     00081d3a  _DMA_CH5_ISR                          
0     00081d30  _DMA_CH6_ISR                          
1     00005c00  _DacaRegs                             
1     00005c10  _DacbRegs                             
1     00005c20  _DaccRegs                             
1     0005f070  _DcsmCommonRegs                       
1     0005f000  _DcsmZ1Regs                           
1     0005f040  _DcsmZ2Regs                           
1     0005d000  _DevCfgRegs                           
0     00082eba  _DevInit                              
0     00082e2b  _DisableDog                           
1     000086c0  _DisprHandle                          
1     000086c2  _DisprObj                             
1     00007980  _DmaClaSrcSelRegs                     
1     00001000  _DmaRegs                              
0     00081d26  _ECAP1_ISR                            
0     00081d1c  _ECAP2_ISR                            
0     00081d12  _ECAP3_ISR                            
0     00081d08  _ECAP4_ISR                            
0     00081cfe  _ECAP5_ISR                            
0     00081cf4  _ECAP6_ISR                            
1     00005000  _ECap1Regs                            
1     00005020  _ECap2Regs                            
1     00005040  _ECap3Regs                            
1     00005060  _ECap4Regs                            
1     00005080  _ECap5Regs                            
1     000050a0  _ECap6Regs                            
0     00081cea  _EMIF_ERROR_ISR                       
0     00081cdd  _EMPTY_ISR                            
0     00081cd3  _EMU_ISR                              
0     00081cc9  _EPWM10_ISR                           
0     00081cbf  _EPWM10_TZ_ISR                        
0     00081cb5  _EPWM11_ISR                           
0     00081cab  _EPWM11_TZ_ISR                        
0     00081ca1  _EPWM12_ISR                           
0     00081c97  _EPWM12_TZ_ISR                        
0     00081c8d  _EPWM1_ISR                            
0     00081c83  _EPWM1_TZ_ISR                         
0     00081c79  _EPWM2_ISR                            
0     00081c6f  _EPWM2_TZ_ISR                         
0     00081c65  _EPWM3_ISR                            
0     00081c5b  _EPWM3_TZ_ISR                         
0     00081c51  _EPWM4_ISR                            
0     00081c47  _EPWM4_TZ_ISR                         
0     00081c3d  _EPWM5_ISR                            
0     00081c33  _EPWM5_TZ_ISR                         
0     00081c29  _EPWM6_ISR                            
0     00081c1f  _EPWM6_TZ_ISR                         
0     00081c15  _EPWM7_ISR                            
0     00081c0b  _EPWM7_TZ_ISR                         
0     00081c01  _EPWM8_ISR                            
0     00081bf7  _EPWM8_TZ_ISR                         
0     00081bed  _EPWM9_ISR                            
0     00081be3  _EPWM9_TZ_ISR                         
1     00004900  _EPwm10Regs                           
1     00004a00  _EPwm11Regs                           
1     00004b00  _EPwm12Regs                           
1     00004000  _EPwm1Regs                            
1     00004100  _EPwm2Regs                            
1     00004200  _EPwm3Regs                            
1     00004300  _EPwm4Regs                            
1     00004400  _EPwm5Regs                            
1     00004500  _EPwm6Regs                            
1     00004600  _EPwm7Regs                            
1     00004700  _EPwm8Regs                            
1     00004800  _EPwm9Regs                            
1     00007a00  _EPwmXbarRegs                         
0     00081bd9  _EQEP1_ISR                            
0     00081bcf  _EQEP2_ISR                            
0     00081bc5  _EQEP3_ISR                            
1     00005100  _EQep1Regs                            
1     00005140  _EQep2Regs                            
1     00005180  _EQep3Regs                            
1     0005f480  _Emif1ConfigRegs                      
1     00047000  _Emif1Regs                            
1     0005f4a0  _Emif2ConfigRegs                      
1     00047800  _Emif2Regs                            
1     00000d00  _EmuBMode                             
1     00000d01  _EmuBootPins                          
0     0000017b  _F28x_usDelay                         
0     00081bbb  _FLASH_CORRECTABLE_ERROR_ISR          
0     00081bb1  _FPU_OVERFLOW_ISR                     
0     00081ba7  _FPU_UNDERFLOW_ISR                    
1     0005f800  _Flash0CtrlRegs                       
1     0005fb00  _Flash0EccRegs                        
1     0005fc00  _Flash1CtrlRegs                       
1     0005ff00  _Flash1EccRegs                        
1     00050024  _FlashPumpSemaphoreRegs               
0     00084d89  _GDRV_assignPin                       
0     00084d88  _GDRV_assignSpiPort                   
0     00084d79  _GDRV_disable                         
0     00084d6a  _GDRV_enable                          
0     00084d68  _GDRV_hasFaulted                      
0     00084d5a  _GDRV_init                            
0     00084d54  _GDRV_powerup                         
0     00084d52  _GDRV_setup                           
1     00007c00  _GpioCtrlRegs                         
1     00007f00  _GpioDataRegs                         
1     00008400  _HAL_SObj                             
0     000834e9  _HAL_configure                        
0     000834e2  _HAL_getDefaultAdcParams              
0     000834db  _HAL_getDefaultAinChannelParams       
0     000834d8  _HAL_getDefaultCanParams              
0     000834d1  _HAL_getDefaultCapParams              
0     000834ca  _HAL_getDefaultPwmParams              
0     000834b2  _HAL_getDefaultQepParams              
0     000834a4  _HAL_getDefaultSpiParams              
0     00083489  _HAL_setupAdc                         
0     00083444  _HAL_setupAnalogIn                    
0     0008345d  _HAL_setupAnalogInF                   
0     00083426  _HAL_setupCan                         
0     00083417  _HAL_setupCap                         
0     000833ce  _HAL_setupDac                         
0     000833bc  _HAL_setupDigitalIn                   
0     000833a8  _HAL_setupDigitalOut                  
0     00083391  _HAL_setupMailbox                     
0     00083371  _HAL_setupPwm                         
0     0008336e  _HAL_setupPwmSyncSelect               
0     00083318  _HAL_setupPwrTzGpio                   
0     00083309  _HAL_setupQep                         
0     000832e4  _HAL_setupSpi                         
0     00083222  _HAL_sinit                            
0     00081b9d  _I2CA_FIFO_ISR                        
0     00081b93  _I2CA_ISR                             
0     00081b89  _I2CB_FIFO_ISR                        
0     00081b7f  _I2CB_ISR                             
1     00007300  _I2caRegs                             
1     00007340  _I2cbRegs                             
0     00081b75  _ILLEGAL_ISR                          
0     00081b6b  _IPC0_ISR                             
0     00081b61  _IPC1_ISR                             
0     00081b57  _IPC2_ISR                             
0     00081b4d  _IPC3_ISR                             
0     00084e3f  _ISR_ILLEGAL                          
0     00082de9  _InitFlashHz                          
0     00000124  _InitFlash_Bank_Hz                    
0     00082c11  _InitSysPll                           
1     00007900  _InputXbarRegs                        
0     00083ca1  _LaunchPad_0_fsm_output               
0     00083bc0  _LaunchPad_0_fsm_start                
1     00008640  _LaunchPad_B                          
1     0000861a  _LaunchPad_X                          
0     00080d55  _LaunchPad_background                 
0     00084f60  _LaunchPad_checksum                   
1     00008606  _LaunchPad_errorStatus                
0     000809ba  _LaunchPad_initialize                 
0     00084f5e  _LaunchPad_sampleTime                 
0     00080004  _LaunchPad_step                       
0     000809b9  _LaunchPad_terminate                  
0     00081b43  _MCBSPA_RX_ISR                        
0     00081b39  _MCBSPA_TX_ISR                        
0     00081b2f  _MCBSPB_RX_ISR                        
0     00081b25  _MCBSPB_TX_ISR                        
1     00006000  _McbspaRegs                           
1     00006040  _McbspbRegs                           
1     0005f400  _MemCfgRegs                           
0     00082c07  _MemCopy                              
1     0005f500  _MemoryErrorRegs                      
0     00081b1b  _NMI_ISR                              
0     00081b11  _NOTUSED_ISR                          
1     00007060  _NmiIntruptRegs                       
1     00007a80  _OutputXbarRegs                       
0     00081b07  _PIE_RESERVED_ISR                     
0     000839a0  _PIL_BSRVS_init                       
0     00083a24  _PIL_BSRVS_messageHandler             
0     000839b8  _PIL_BSRVS_setWriteInterlockHandler   
0     00000000  _PIL_C_ProcessorPartNumber            
0     00084f18  _PIL_D_CompiledBy                     
0     00084f32  _PIL_D_CompiledDate                   
0     00084f24  _PIL_D_FirmwareDescription            
0     00084f0e  _PIL_D_FrameworkVersion               
0     00084f10  _PIL_D_Guid                           
0     00084f0f  _PIL_D_StationAddress                 
0     00084e52  _PIL_DisableInt                       
0     000842fa  _PIL_PBRIDGE_configure                
0     000842ee  _PIL_PBRIDGE_init                     
0     0008444c  _PIL_PBRIDGE_poll                     
0     00084303  _PIL_PBRIDGE_setProtocol              
0     00080db0  _PIL_PROBES_getActualPilMode          
0     00080dc5  _PIL_PROBES_getActualPilStep          
0     00080db7  _PIL_PROBES_getDesiredPilMode         
0     00080dcf  _PIL_PROBES_getDesiredPilStep         
0     00080dbe  _PIL_PROBES_getPreviousPilMode        
0     00080d61  _PIL_PROBES_init                      
0     00080f07  _PIL_PROBES_messageHandler            
0     00080d8e  _PIL_PROBES_setActualPilMode          
0     00080da4  _PIL_PROBES_setActualPilStep          
0     00080d9b  _PIL_PROBES_setDesiredPilMode         
0     00083e4d  _PIL_RA_init                          
0     00083f87  _PIL_RA_pollLinkReq                   
0     00083f33  _PIL_RA_pollLinkRsp                   
0     00083eec  _PIL_RA_registerService               
0     000827da  _PIL_RA_serialIn                      
0     00083f14  _PIL_RA_serialIn_p                    
0     000827ea  _PIL_RA_serialOut                     
0     00083f24  _PIL_RA_serialOut_p                   
0     00083ec6  _PIL_RA_setChecksum                   
0     00083eac  _PIL_RA_setGuid                       
0     00083ee0  _PIL_RA_setNodeAddress                
0     00084bf3  _PIL_RBUF_isEmpty                     
0     00084c2a  _PIL_RBUF_pop                         
0     00084c01  _PIL_RBUF_push                        
0     00084be8  _PIL_RBUF_reset                       
0     00084e56  _PIL_RestoreInt                       
0     00081efa  _PIL_SCOPE_init                       
0     0008217f  _PIL_SCOPE_messageHandler             
0     000827f9  _PIL_SCOPE_sample                     
0     00081fe2  _PIL_SCOPE_sample_p                   
0     00081f15  _PIL_SCOPE_setBuffer                  
0     00082807  _PIL_SCOPE_trigger                    
0     00082083  _PIL_SCOPE_trigger_p                  
0     00084f46  _PIL_SLINK_crc16Lookup                
0     00082f26  _PIL_SLINK_in                         
0     00082efe  _PIL_SLINK_init                       
0     00082f33  _PIL_SLINK_out                        
0     00082f6e  _PIL_SLINK_outBufIsEmpty              
0     00083105  _PIL_SLINK_receive                    
0     000830e5  _PIL_SLINK_send                       
0     00084ee4  _PIL_V_DisprObj_cntdownTimestamp1     
0     00084eea  _PIL_V_DisprObj_cntdownTimestamp2     
0     00084efc  _PIL_V_DisprObj_cpuLoadInPercent      
0     00084ec6  _PIL_V_DisprObj_ctrlPeriod            
0     00084f08  _PIL_V_DisprObj_pwmTBPRDWc            
0     00084ef0  _PIL_V_DisprObj_task1Margin           
0     00084ef6  _PIL_V_DisprObj_task1WorstCaseMargin  
0     00084ecc  _PIL_V_DisprObj_task2DispatchPeriod   
0     00084ed2  _PIL_V_DisprObj_thisCntdownTimestamp0 
0     00084ed8  _PIL_V_DisprObj_thisCntdownTimestamp1 
0     00084ede  _PIL_V_DisprObj_thisCntdownTimestamp2 
0     00084f02  _PIL_V_DisprObj_variablePeriodDetected
0     000828f8  _PIL_allowPilSimulation               
0     00082a4f  _PIL_backgroundCall                   
0     00082997  _PIL_beginInterruptCall               
0     0008289b  _PIL_configureParallelCom             
0     00082923  _PIL_inhibitPilSimulation             
0     00082b0b  _PIL_init                             
0     0008294e  _PIL_requestNormalMode                
0     00082967  _PIL_requestReadyMode                 
0     000828e1  _PIL_setAndConfigScopeBuffer          
0     000828d3  _PIL_setBackgroundCommCallback        
0     0008283a  _PIL_setChecksum                      
0     000828c5  _PIL_setCtrlCallback                  
0     00082815  _PIL_setGuid                          
0     000828b5  _PIL_setNodeAddress                   
0     00082882  _PIL_setSerialComCallback             
0     00082aef  _PIL_setWriteInterlockHandler         
0     00082980  _PIL_simulationActive                 
0     000815ca  _PWM_configure                        
0     00081537  _PWM_configureSyncSel                 
0     000814f6  _PWM_getRegisterBase                  
0     000814ef  _PWM_init                             
0     000814b5  _PWM_scalePeriod                      
0     00081465  _PWM_setDefaultParams                 
0     00081401  _PWM_setPhase                         
0     0008137d  _PWM_sinit                            
1     000085e0  _PWR_SHandle                          
1     000085e2  _PWR_SObj                             
0     000846cb  _PWR_background                       
0     000846b7  _PWR_configure                        
0     000846a0  _PWR_enable                           
0     00084631  _PWR_fsm                              
0     000845e8  _PWR_isEnabled                        
0     000845da  _PWR_isReadyForEnable                 
0     000845c9  _PWR_registerPwmChannel               
0     000845c0  _PWR_setPilMode                       
0     000845ba  _PWR_sinit                            
0     000845b5  _PWR_unregisterAllPwmChannels         
1     00000ce0  _PieCtrlRegs                          
1     00000d00  _PieVectTable                         
1     00008000  _PilHandle                            
1     00008040  _PilObj                               
0     00083512  _QEP_configure                        
0     0008350b  _QEP_init                             
0     000834ec  _QEP_setDefaultParams                 
0     00081afd  _RAM_ACCESS_VIOLATION_ISR             
0     00081af3  _RAM_CORRECTABLE_ERROR_ISR            
0     00081ae9  _RTOS_ISR                             
abs   00085027  _RamfuncsLoadEnd                      
abs   0000005f  _RamfuncsLoadSize                     
abs   00084fc8  _RamfuncsLoadStart                    
abs   00000183  _RamfuncsRunEnd                       
abs   0000005f  _RamfuncsRunSize                      
abs   00000124  _RamfuncsRunStart                     
0     00082bfd  _ReleaseFlashPump                     
1     0005e608  _RomPrefetchRegs                      
1     0005f540  _RomWaitStateRegs                     
0     00081adf  _SCIA_RX_ISR                          
0     00081ad5  _SCIA_TX_ISR                          
0     00081acb  _SCIB_RX_ISR                          
0     00081ac1  _SCIB_TX_ISR                          
0     00081ab7  _SCIC_RX_ISR                          
0     00081aad  _SCIC_TX_ISR                          
0     00081aa3  _SCID_RX_ISR                          
0     00081a99  _SCID_TX_ISR                          
0     00081a8f  _SD1_ISR                              
0     00081a85  _SD2_ISR                              
0     00081a7b  _SPIA_RX_ISR                          
0     00081a71  _SPIA_TX_ISR                          
0     00081a67  _SPIB_RX_ISR                          
0     00081a5d  _SPIB_TX_ISR                          
0     00081a53  _SPIC_RX_ISR                          
0     00081a49  _SPIC_TX_ISR                          
0     000842eb  _SPI_configure                        
0     000842e4  _SPI_init                             
0     000842b8  _SPI_putGetWords                      
0     00084162  _SPI_setupPort                        
0     00081a3f  _SYS_PLL_SLIP_ISR                     
1     00007200  _SciaRegs                             
1     00007210  _ScibRegs                             
1     00007220  _ScicRegs                             
1     00007230  _ScidRegs                             
1     00005e00  _Sdfm1Regs                            
1     00005e80  _Sdfm2Regs                            
0     00082bee  _SeizeFlashPump_Bank0                 
0     00082bdf  _SeizeFlashPump_Bank1                 
0     00082bd1  _ServiceDog                           
1     00006100  _SpiaRegs                             
1     00006110  _SpibRegs                             
1     00006120  _SpicRegs                             
1     00007940  _SyncSocRegs                          
0     0000017f  _SysCtl_delay                         
0     00081a35  _TIMER0_ISR                           
0     00081a2b  _TIMER1_ISR                           
0     00081a21  _TIMER2_ISR                           
0     00084b81  _TaskB                                
1     00008740  _Tasks                                
0     00081a17  _UPPA_ISR                             
0     00081a0d  _USBA_ISR                             
0     00081a03  _USER10_ISR                           
0     000819f9  _USER11_ISR                           
0     000819ef  _USER12_ISR                           
0     000819e5  _USER1_ISR                            
0     000819db  _USER2_ISR                            
0     000819d1  _USER3_ISR                            
0     000819c7  _USER4_ISR                            
0     000819bd  _USER5_ISR                            
0     000819b3  _USER6_ISR                            
0     000819a9  _USER7_ISR                            
0     0008199f  _USER8_ISR                            
0     00081995  _USER9_ISR                            
1     00006200  _UppRegs                              
0     0008198b  _VCU_ISR                              
0     00081981  _WAKE_ISR                             
1     00007000  _WdRegs                               
0     00081977  _XINT1_ISR                            
0     0008196d  _XINT2_ISR                            
0     00081963  _XINT3_ISR                            
0     00081959  _XINT4_ISR                            
0     0008194f  _XINT5_ISR                            
1     00007920  _XbarRegs                             
1     00007070  _XintRegs                             
1     00000700  __STACK_END                           
abs   00000300  __STACK_SIZE                          
1     000083fc  ___TI_cleanup_ptr                     
1     000083fe  ___TI_dtors_ptr                       
1     000083fa  ___TI_enable_exit_profile_output      
abs   ffffffff  ___TI_pprof_out_hndl                  
abs   ffffffff  ___TI_prof_data_size                  
abs   ffffffff  ___TI_prof_data_start                 
abs   ffffffff  ___binit__                            
abs   ffffffff  ___c_args__                           
0     00084f64  ___cinit__                            
0     00084e5c  ___etext__                            
abs   ffffffff  ___pinit__                            
0     00080004  ___text__                             
0     00084e2d  __args_main                           
1     000086bc  __lock                                
0     00084e51  __nop                                 
0     00084e4d  __register_lock                       
0     00084e49  __register_unlock                     
1     00000400  __stack                               
0     00084e5b  __system_post_cinit                   
0     00084e59  __system_pre_init                     
1     000086be  __unlock                              
0     00084dc3  _abort                                
0     00084cfc  _c_int00                              
0     00084dec  _copy_in                              
0     00084b85  _cos                                  
0     00084b85  _cosf                                 
0     00084dc5  _exit                                 
0     00084c4a  _floor                                
0     00084c4a  _floorf                               
0     00084b13  _main                                 
0     00084e10  _memcpy                               
0     00084ca3  _sin                                  
0     00084ca3  _sinf                                 
abs   ffffffff  binit                                 
0     00084f64  cinit                                 
0     00080000  code_start                            
0     00084e5c  etext                                 
abs   ffffffff  pinit                                 


GLOBAL SYMBOLS: SORTED BY Symbol Address 

page  address   name                                  
----  -------   ----                                  
0     00000000  _PIL_C_ProcessorPartNumber            
0     00000124  _InitFlash_Bank_Hz                    
0     0000017b  _F28x_usDelay                         
0     0000017f  _SysCtl_delay                         
0     00000ce0  _Cla1SoftIntRegs                      
0     00080000  code_start                            
0     00080004  .text                                 
0     00080004  _LaunchPad_step                       
0     00080004  ___text__                             
0     000809b9  _LaunchPad_terminate                  
0     000809ba  _LaunchPad_initialize                 
0     00080d55  _LaunchPad_background                 
0     00080d61  _PIL_PROBES_init                      
0     00080d8e  _PIL_PROBES_setActualPilMode          
0     00080d9b  _PIL_PROBES_setDesiredPilMode         
0     00080da4  _PIL_PROBES_setActualPilStep          
0     00080db0  _PIL_PROBES_getActualPilMode          
0     00080db7  _PIL_PROBES_getDesiredPilMode         
0     00080dbe  _PIL_PROBES_getPreviousPilMode        
0     00080dc5  _PIL_PROBES_getActualPilStep          
0     00080dcf  _PIL_PROBES_getDesiredPilStep         
0     00080f07  _PIL_PROBES_messageHandler            
0     0008137d  _PWM_sinit                            
0     00081401  _PWM_setPhase                         
0     00081465  _PWM_setDefaultParams                 
0     000814b5  _PWM_scalePeriod                      
0     000814ef  _PWM_init                             
0     000814f6  _PWM_getRegisterBase                  
0     00081537  _PWM_configureSyncSel                 
0     000815ca  _PWM_configure                        
0     0008194f  _XINT5_ISR                            
0     00081959  _XINT4_ISR                            
0     00081963  _XINT3_ISR                            
0     0008196d  _XINT2_ISR                            
0     00081977  _XINT1_ISR                            
0     00081981  _WAKE_ISR                             
0     0008198b  _VCU_ISR                              
0     00081995  _USER9_ISR                            
0     0008199f  _USER8_ISR                            
0     000819a9  _USER7_ISR                            
0     000819b3  _USER6_ISR                            
0     000819bd  _USER5_ISR                            
0     000819c7  _USER4_ISR                            
0     000819d1  _USER3_ISR                            
0     000819db  _USER2_ISR                            
0     000819e5  _USER1_ISR                            
0     000819ef  _USER12_ISR                           
0     000819f9  _USER11_ISR                           
0     00081a03  _USER10_ISR                           
0     00081a0d  _USBA_ISR                             
0     00081a17  _UPPA_ISR                             
0     00081a21  _TIMER2_ISR                           
0     00081a2b  _TIMER1_ISR                           
0     00081a35  _TIMER0_ISR                           
0     00081a3f  _SYS_PLL_SLIP_ISR                     
0     00081a49  _SPIC_TX_ISR                          
0     00081a53  _SPIC_RX_ISR                          
0     00081a5d  _SPIB_TX_ISR                          
0     00081a67  _SPIB_RX_ISR                          
0     00081a71  _SPIA_TX_ISR                          
0     00081a7b  _SPIA_RX_ISR                          
0     00081a85  _SD2_ISR                              
0     00081a8f  _SD1_ISR                              
0     00081a99  _SCID_TX_ISR                          
0     00081aa3  _SCID_RX_ISR                          
0     00081aad  _SCIC_TX_ISR                          
0     00081ab7  _SCIC_RX_ISR                          
0     00081ac1  _SCIB_TX_ISR                          
0     00081acb  _SCIB_RX_ISR                          
0     00081ad5  _SCIA_TX_ISR                          
0     00081adf  _SCIA_RX_ISR                          
0     00081ae9  _RTOS_ISR                             
0     00081af3  _RAM_CORRECTABLE_ERROR_ISR            
0     00081afd  _RAM_ACCESS_VIOLATION_ISR             
0     00081b07  _PIE_RESERVED_ISR                     
0     00081b11  _NOTUSED_ISR                          
0     00081b1b  _NMI_ISR                              
0     00081b25  _MCBSPB_TX_ISR                        
0     00081b2f  _MCBSPB_RX_ISR                        
0     00081b39  _MCBSPA_TX_ISR                        
0     00081b43  _MCBSPA_RX_ISR                        
0     00081b4d  _IPC3_ISR                             
0     00081b57  _IPC2_ISR                             
0     00081b61  _IPC1_ISR                             
0     00081b6b  _IPC0_ISR                             
0     00081b75  _ILLEGAL_ISR                          
0     00081b7f  _I2CB_ISR                             
0     00081b89  _I2CB_FIFO_ISR                        
0     00081b93  _I2CA_ISR                             
0     00081b9d  _I2CA_FIFO_ISR                        
0     00081ba7  _FPU_UNDERFLOW_ISR                    
0     00081bb1  _FPU_OVERFLOW_ISR                     
0     00081bbb  _FLASH_CORRECTABLE_ERROR_ISR          
0     00081bc5  _EQEP3_ISR                            
0     00081bcf  _EQEP2_ISR                            
0     00081bd9  _EQEP1_ISR                            
0     00081be3  _EPWM9_TZ_ISR                         
0     00081bed  _EPWM9_ISR                            
0     00081bf7  _EPWM8_TZ_ISR                         
0     00081c01  _EPWM8_ISR                            
0     00081c0b  _EPWM7_TZ_ISR                         
0     00081c15  _EPWM7_ISR                            
0     00081c1f  _EPWM6_TZ_ISR                         
0     00081c29  _EPWM6_ISR                            
0     00081c33  _EPWM5_TZ_ISR                         
0     00081c3d  _EPWM5_ISR                            
0     00081c47  _EPWM4_TZ_ISR                         
0     00081c51  _EPWM4_ISR                            
0     00081c5b  _EPWM3_TZ_ISR                         
0     00081c65  _EPWM3_ISR                            
0     00081c6f  _EPWM2_TZ_ISR                         
0     00081c79  _EPWM2_ISR                            
0     00081c83  _EPWM1_TZ_ISR                         
0     00081c8d  _EPWM1_ISR                            
0     00081c97  _EPWM12_TZ_ISR                        
0     00081ca1  _EPWM12_ISR                           
0     00081cab  _EPWM11_TZ_ISR                        
0     00081cb5  _EPWM11_ISR                           
0     00081cbf  _EPWM10_TZ_ISR                        
0     00081cc9  _EPWM10_ISR                           
0     00081cd3  _EMU_ISR                              
0     00081cdd  _EMPTY_ISR                            
0     00081cea  _EMIF_ERROR_ISR                       
0     00081cf4  _ECAP6_ISR                            
0     00081cfe  _ECAP5_ISR                            
0     00081d08  _ECAP4_ISR                            
0     00081d12  _ECAP3_ISR                            
0     00081d1c  _ECAP2_ISR                            
0     00081d26  _ECAP1_ISR                            
0     00081d30  _DMA_CH6_ISR                          
0     00081d3a  _DMA_CH5_ISR                          
0     00081d44  _DMA_CH4_ISR                          
0     00081d4e  _DMA_CH3_ISR                          
0     00081d58  _DMA_CH2_ISR                          
0     00081d62  _DMA_CH1_ISR                          
0     00081d6c  _DATALOG_ISR                          
0     00081d76  _CLA_UNDERFLOW_ISR                    
0     00081d80  _CLA_OVERFLOW_ISR                     
0     00081d8a  _CLA1_8_ISR                           
0     00081d94  _CLA1_7_ISR                           
0     00081d9e  _CLA1_6_ISR                           
[...]
0     00081e2a  _ADCD2_ISR                            
0     00081e34  _ADCD1_ISR                            
0     00081e3e  _ADCC_EVT_ISR                         
0     00081e48  _ADCC4_ISR                            
0     00081e52  _ADCC3_ISR                            
0     00081e5c  _ADCC2_ISR                            
0     00081e66  _ADCC1_ISR                            
0     00081e70  _ADCB_EVT_ISR                         
0     00081e7a  _ADCB4_ISR                            
0     00081e84  _ADCB3_ISR                            
0     00081e8e  _ADCB2_ISR                            
0     00081e98  _ADCB1_ISR                            
0     00081ea2  _ADCA_EVT_ISR                         
0     00081eac  _ADCA4_ISR                            
0     00081eb6  _ADCA3_ISR                            
0     00081ec0  _ADCA2_ISR                            
0     00081eca  _ADCA1_ISR                            
0     00081efa  _PIL_SCOPE_init                       
0     00081f15  _PIL_SCOPE_setBuffer                  
0     00081fe2  _PIL_SCOPE_sample_p                   
0     00082083  _PIL_SCOPE_trigger_p                  
0     0008217f  _PIL_SCOPE_messageHandler             
0     000823a8  _DISPR_stop                           
0     000823c4  _DISPR_reset                          
0     00082481  _DISPR_start                          
0     00082611  _DISPR_sinit                          
0     00082629  _DISPR_setupTimer                     
0     00082641  _DISPR_setTriggerByTimer              
0     00082686  _DISPR_setTriggerByPwm                
0     000826e6  _DISPR_setTriggerByAdcViaTimer        
0     00082713  _DISPR_setTriggerByAdcViaPwm          
0     0008274c  _DISPR_setPowerupDelay                
0     00082752  _DISPR_registerTask                   
0     000827a2  _DISPR_registerIdleTask               
0     000827a8  _DISPR_configure                      
0     000827da  _PIL_RA_serialIn                      
0     000827ea  _PIL_RA_serialOut                     
0     000827f9  _PIL_SCOPE_sample                     
0     00082807  _PIL_SCOPE_trigger                    
0     00082815  _PIL_setGuid                          
0     0008283a  _PIL_setChecksum                      
0     00082882  _PIL_setSerialComCallback             
0     0008289b  _PIL_configureParallelCom             
0     000828b5  _PIL_setNodeAddress                   
0     000828c5  _PIL_setCtrlCallback                  
0     000828d3  _PIL_setBackgroundCommCallback        
0     000828e1  _PIL_setAndConfigScopeBuffer          
0     000828f8  _PIL_allowPilSimulation               
0     00082923  _PIL_inhibitPilSimulation             
0     0008294e  _PIL_requestNormalMode                
0     00082967  _PIL_requestReadyMode                 
0     00082980  _PIL_simulationActive                 
0     00082997  _PIL_beginInterruptCall               
0     00082a4f  _PIL_backgroundCall                   
0     00082aef  _PIL_setWriteInterlockHandler         
0     00082b0b  _PIL_init                             
0     00082bd1  _ServiceDog                           
0     00082bdf  _SeizeFlashPump_Bank1                 
0     00082bee  _SeizeFlashPump_Bank0                 
0     00082bfd  _ReleaseFlashPump                     
0     00082c07  _MemCopy                              
0     00082c11  _InitSysPll                           
0     00082de9  _InitFlashHz                          
0     00082e2b  _DisableDog                           
0     00082eba  _DevInit                              
0     00082efe  _PIL_SLINK_init                       
0     00082f26  _PIL_SLINK_in                         
0     00082f33  _PIL_SLINK_out                        
0     00082f6e  _PIL_SLINK_outBufIsEmpty              
0     000830e5  _PIL_SLINK_send                       
0     00083105  _PIL_SLINK_receive                    
0     00083222  _HAL_sinit                            
0     000832e4  _HAL_setupSpi                         
0     00083309  _HAL_setupQep                         
0     00083318  _HAL_setupPwrTzGpio                   
0     0008336e  _HAL_setupPwmSyncSelect               
0     00083371  _HAL_setupPwm                         
0     00083391  _HAL_setupMailbox                     
0     000833a8  _HAL_setupDigitalOut                  
0     000833bc  _HAL_setupDigitalIn                   
0     000833ce  _HAL_setupDac                         
0     00083417  _HAL_setupCap                         
0     00083426  _HAL_setupCan                         
0     00083444  _HAL_setupAnalogIn                    
0     0008345d  _HAL_setupAnalogInF                   
0     00083489  _HAL_setupAdc                         
0     000834a4  _HAL_getDefaultSpiParams              
0     000834b2  _HAL_getDefaultQepParams              
0     000834ca  _HAL_getDefaultPwmParams              
0     000834d1  _HAL_getDefaultCapParams              
0     000834d8  _HAL_getDefaultCanParams              
0     000834db  _HAL_getDefaultAinChannelParams       
0     000834e2  _HAL_getDefaultAdcParams              
0     000834e9  _HAL_configure                        
0     000834ec  _QEP_setDefaultParams                 
0     0008350b  _QEP_init                             
0     00083512  _QEP_configure                        
0     00083763  _CAN_transferMessage                  
0     000837a3  _CAN_setupMessageObject               
0     00083856  _CAN_setBitTiming                     
0     0008388b  _CAN_setBitRate                       
0     000838c4  _CAN_sendMessage                      
0     00083912  _CAN_readMessage                      
0     00083957  _CAN_initModule                       
0     0008396e  _CAN_clearMessage                     
0     00083985  _CAN_clearInterruptStatus             
0     000839a0  _PIL_BSRVS_init                       
0     000839b8  _PIL_BSRVS_setWriteInterlockHandler   
0     00083a24  _PIL_BSRVS_messageHandler             
0     00083bc0  _LaunchPad_0_fsm_start                
0     00083ca1  _LaunchPad_0_fsm_output               
0     00083e4d  _PIL_RA_init                          
0     00083eac  _PIL_RA_setGuid                       
0     00083ec6  _PIL_RA_setChecksum                   
0     00083ee0  _PIL_RA_setNodeAddress                
0     00083eec  _PIL_RA_registerService               
0     00083f14  _PIL_RA_serialIn_p                    
0     00083f24  _PIL_RA_serialOut_p                   
0     00083f33  _PIL_RA_pollLinkRsp                   
0     00083f87  _PIL_RA_pollLinkReq                   
0     00083fd4  _CANBUS_sinit                         
0     00083fd5  _CANBUS_setupMailbox                  
0     00084009  _CANBUS_setBusOn                      
0     00084013  _CANBUS_readyForTx                    
0     00084030  _CANBUS_putMessage                    
0     00084069  _CANBUS_isErrorActive                 
0     00084074  _CANBUS_isBusOn                       
0     0008407f  _CANBUS_init                          
0     00084086  _CANBUS_getMessage                    
0     000840aa  _CANBUS_disableMailbox                
0     000840b2  _CANBUS_configure                     
0     00084162  _SPI_setupPort                        
0     000842b8  _SPI_putGetWords                      
0     000842e4  _SPI_init                             
0     000842eb  _SPI_configure                        
0     000842ee  _PIL_PBRIDGE_init                     
0     000842fa  _PIL_PBRIDGE_configure                
0     00084303  _PIL_PBRIDGE_setProtocol              
0     0008444c  _PIL_PBRIDGE_poll                     
0     000845b5  _PWR_unregisterAllPwmChannels         
0     000845ba  _PWR_sinit                            
0     000845c0  _PWR_setPilMode                       
0     000845c9  _PWR_registerPwmChannel               
0     000845da  _PWR_isReadyForEnable                 
0     000845e8  _PWR_isEnabled                        
0     00084631  _PWR_fsm                              
0     000846a0  _PWR_enable                           
0     000846b7  _PWR_configure                        
0     000846cb  _PWR_background                       
0     000846e2  _AIN_sinit                            
0     000846e3  _AIN_setupChannel                     
0     00084730  _AIN_setDefaultChannelParams          
0     00084739  _AIN_setDefaultAdcParams              
0     00084742  _AIN_resetChannelSetup                
0     00084755  _AIN_init                             
0     0008475c  _AIN_getRegisterBase                  
0     00084776  _AIN_configure                        
0     000847f7  _CAP_setDefaultParams                 
0     0008480d  _CAP_init                             
0     00084814  _CAP_getNewValues                     
0     0008485c  _CAP_configure                        
0     00084901  _CalAdcINL                            
0     00084939  _AdcSetMode                           
0     000849e5  _DIO_sinit                            
0     00084a0e  _DIO_obtainDummyWrite                 
0     00084a11  _DIO_obtainDummyRead                  
0     00084a19  _DIO_init                             
0     00084a81  _DIO_configureOut                     
0     00084a86  _DIO_configureIn                      
0     00084a8b  FS$$DIV                               
0     00084b13  _main                                 
0     00084b81  _TaskB                                
0     00084b85  _cos                                  
0     00084b85  _cosf                                 
0     00084be8  _PIL_RBUF_reset                       
0     00084bf3  _PIL_RBUF_isEmpty                     
0     00084c01  _PIL_RBUF_push                        
0     00084c2a  _PIL_RBUF_pop                         
0     00084c4a  _floor                                
0     00084c4a  _floorf                               
0     00084ca3  _sin                                  
0     00084ca3  _sinf                                 
0     00084cfc  _c_int00                              
0     00084d52  _GDRV_setup                           
0     00084d54  _GDRV_powerup                         
0     00084d5a  _GDRV_init                            
0     00084d68  _GDRV_hasFaulted                      
0     00084d6a  _GDRV_enable                          
0     00084d79  _GDRV_disable                         
0     00084d88  _GDRV_assignSpiPort                   
0     00084d89  _GDRV_assignPin                       
0     00084d91  _DAC_sinit                            
0     00084d9d  _DAC_init                             
0     00084da4  _DAC_configure                        
0     00084dc3  C$$EXIT                               
0     00084dc3  _abort                                
0     00084dc5  _exit                                 
0     00084dec  _copy_in                              
0     00084e10  _memcpy                               
0     00084e2d  __args_main                           
0     00084e3f  _ISR_ILLEGAL                          
0     00084e49  __register_unlock                     
0     00084e4d  __register_lock                       
0     00084e51  __nop                                 
0     00084e52  _PIL_DisableInt                       
0     00084e56  _PIL_RestoreInt                       
0     00084e59  __system_pre_init                     
0     00084e5b  __system_post_cinit                   
0     00084e5c  ___etext__                            
0     00084e5c  etext                                 
0     00084ec6  _PIL_V_DisprObj_ctrlPeriod            
0     00084ecc  _PIL_V_DisprObj_task2DispatchPeriod   
0     00084ed2  _PIL_V_DisprObj_thisCntdownTimestamp0 
0     00084ed8  _PIL_V_DisprObj_thisCntdownTimestamp1 
0     00084ede  _PIL_V_DisprObj_thisCntdownTimestamp2 
0     00084ee4  _PIL_V_DisprObj_cntdownTimestamp1     
0     00084eea  _PIL_V_DisprObj_cntdownTimestamp2     
0     00084ef0  _PIL_V_DisprObj_task1Margin           
0     00084ef6  _PIL_V_DisprObj_task1WorstCaseMargin  
0     00084efc  _PIL_V_DisprObj_cpuLoadInPercent      
0     00084f02  _PIL_V_DisprObj_variablePeriodDetected
0     00084f08  _PIL_V_DisprObj_pwmTBPRDWc            
0     00084f0e  _PIL_D_FrameworkVersion               
0     00084f0f  _PIL_D_StationAddress                 
0     00084f10  _PIL_D_Guid                           
0     00084f18  _PIL_D_CompiledBy                     
0     00084f24  _PIL_D_FirmwareDescription            
0     00084f32  _PIL_D_CompiledDate                   
0     00084f46  _PIL_SLINK_crc16Lookup                
0     00084f5e  _LaunchPad_sampleTime                 
0     00084f60  _LaunchPad_checksum                   
0     00084f64  ___cinit__                            
0     00084f64  cinit                                 
1     00000400  __stack                               
1     00000700  __STACK_END                           
1     00000b00  _AdcaResultRegs                       
1     00000b20  _AdcbResultRegs                       
1     00000b40  _AdccResultRegs                       
1     00000b60  _AdcdResultRegs                       
1     00000c00  _CpuTimer0Regs                        
1     00000c08  _CpuTimer1Regs                        
1     00000c10  _CpuTimer2Regs                        
1     00000ce0  _PieCtrlRegs                          
1     00000d00  _EmuBMode                             
1     00000d00  _PieVectTable                         
1     00000d01  _EmuBootPins                          
1     00001000  _DmaRegs                              
1     00001400  _Cla1Regs                             
1     00004000  _EPwm1Regs                            
1     00004100  _EPwm2Regs                            
1     00004200  _EPwm3Regs                            
1     00004300  _EPwm4Regs                            
1     00004400  _EPwm5Regs                            
1     00004500  _EPwm6Regs                            
1     00004600  _EPwm7Regs                            
1     00004700  _EPwm8Regs                            
1     00004800  _EPwm9Regs                            
1     00004900  _EPwm10Regs                           
1     00004a00  _EPwm11Regs                           
1     00004b00  _EPwm12Regs                           
1     00005000  _ECap1Regs                            
1     00005020  _ECap2Regs                            
1     00005040  _ECap3Regs                            
1     00005060  _ECap4Regs                            
1     00005080  _ECap5Regs                            
1     000050a0  _ECap6Regs                            
1     00005100  _EQep1Regs                            
1     00005140  _EQep2Regs                            
1     00005180  _EQep3Regs                            
1     00005c00  _DacaRegs                             
1     00005c10  _DacbRegs                             
1     00005c20  _DaccRegs                             
1     00005c80  _Cmpss1Regs                           
1     00005ca0  _Cmpss2Regs                           
1     00005cc0  _Cmpss3Regs                           
1     00005ce0  _Cmpss4Regs                           
1     00005d00  _Cmpss5Regs                           
1     00005d20  _Cmpss6Regs                           
1     00005d40  _Cmpss7Regs                           
1     00005d60  _Cmpss8Regs                           
1     00005e00  _Sdfm1Regs                            
1     00005e80  _Sdfm2Regs                            
1     00006000  _McbspaRegs                           
1     00006040  _McbspbRegs                           
1     00006100  _SpiaRegs                             
1     00006110  _SpibRegs                             
1     00006120  _SpicRegs                             
1     00006200  _UppRegs                              
1     00007000  _WdRegs                               
1     00007060  _NmiIntruptRegs                       
1     00007070  _XintRegs                             
1     00007200  _SciaRegs                             
1     00007210  _ScibRegs                             
1     00007220  _ScicRegs                             
1     00007230  _ScidRegs                             
1     00007300  _I2caRegs                             
1     00007340  _I2cbRegs                             
1     00007400  _AdcaRegs                             
1     00007480  _AdcbRegs                             
1     00007500  _AdccRegs                             
1     00007580  _AdcdRegs                             
1     00007900  _InputXbarRegs                        
1     00007920  _XbarRegs                             
1     00007940  _SyncSocRegs                          
1     00007980  _DmaClaSrcSelRegs                     
1     00007a00  _EPwmXbarRegs                         
1     00007a80  _OutputXbarRegs                       
1     00007c00  _GpioCtrlRegs                         
1     00007f00  _GpioDataRegs                         
1     00008000  _PilHandle                            
1     00008040  _PilObj                               
1     000083fa  ___TI_enable_exit_profile_output      
1     000083fc  ___TI_cleanup_ptr                     
1     000083fe  ___TI_dtors_ptr                       
1     00008400  _HAL_SObj                             
1     000085e0  _PWR_SHandle                          
1     000085e2  _PWR_SObj                             
1     00008606  _LaunchPad_errorStatus                
1     0000861a  _LaunchPad_X                          
1     00008640  _LaunchPad_B                          
1     000086bc  __lock                                
1     000086be  __unlock                              
1     000086c0  _DisprHandle                          
1     000086c2  _DisprObj                             
1     00008740  _Tasks                                
1     00047000  _Emif1Regs                            
1     00047800  _Emif2Regs                            
1     00048000  _CanaRegs                             
1     0004a000  _CanbRegs                             
1     00050024  _FlashPumpSemaphoreRegs               
1     0005d000  _DevCfgRegs                           
1     0005d180  _AnalogSubsysRegs                     
1     0005d200  _ClkCfgRegs                           
1     0005d300  _CpuSysRegs                           
1     0005e608  _RomPrefetchRegs                      
1     0005f000  _DcsmZ1Regs                           
1     0005f040  _DcsmZ2Regs                           
1     0005f070  _DcsmCommonRegs                       
1     0005f400  _MemCfgRegs                           
1     0005f480  _Emif1ConfigRegs                      
1     0005f4a0  _Emif2ConfigRegs                      
1     0005f4c0  _AccessProtectionRegs                 
1     0005f500  _MemoryErrorRegs                      
1     0005f540  _RomWaitStateRegs                     
1     0005f800  _Flash0CtrlRegs                       
1     0005fb00  _Flash0EccRegs                        
1     0005fc00  _Flash1CtrlRegs                       
1     0005ff00  _Flash1EccRegs                        
abs   0000005f  _RamfuncsLoadSize                     
abs   0000005f  _RamfuncsRunSize                      
abs   00000124  _RamfuncsRunStart                     
abs   00000183  _RamfuncsRunEnd                       
abs   00000300  __STACK_SIZE                          
abs   00084fc8  _RamfuncsLoadStart                    
abs   00085027  _RamfuncsLoadEnd                      
abs   ffffffff  ___TI_pprof_out_hndl                  
abs   ffffffff  ___TI_prof_data_size                  
abs   ffffffff  ___TI_prof_data_start                 
abs   ffffffff  ___binit__                            
abs   ffffffff  ___c_args__                           
abs   ffffffff  ___pinit__                            
abs   ffffffff  binit                                 
abs   ffffffff  pinit                                 

[517 symbols]
