******************************************************************************
             TMS320C2000 Linker PC v20.2.2                     
******************************************************************************
>> Linked Fri Aug 13 14:44:07 2021

OUTPUT FILE NAME:   <./output_TI2837xS/LaunchPad.out>
ENTRY POINT SYMBOL: "_c_int00"  address: 00084e9d


MEMORY CONFIGURATION

         name            origin    length      used     unused   attr    fill
----------------------  --------  ---------  --------  --------  ----  --------
PAGE 0:
  RAMM0                 00000122   000002de  0000005f  0000027f  RWIX
  BEGIN                 00080000   00000002  00000002  00000000  RWIX
  FLASH                 00080002   0003fffe  00005208  0003adf6  RWIX
  FLASHN                000c0000   00002000  00000000  00002000  RWIX
  RESET                 003fffc0   00000002  00000000  00000002  RWIX

PAGE 1:
  BOOT_RSVD             00000002   00000120  00000000  00000120  RWIX
  RAMM1                 00000400   00000400  00000300  00000100  RWIX
  ADCA_RESULT           00000b00   00000020  00000018  00000008  RWIX
  ADCB_RESULT           00000b20   00000020  00000018  00000008  RWIX
  ADCC_RESULT           00000b40   00000020  00000018  00000008  RWIX
  ADCD_RESULT           00000b60   00000020  00000018  00000008  RWIX
  CPU_TIMER0            00000c00   00000008  00000008  00000000  RWIX
  CPU_TIMER1            00000c08   00000008  00000008  00000000  RWIX
  CPU_TIMER2            00000c10   00000008  00000008  00000000  RWIX
  PIE_CTRL              00000ce0   00000020  0000001a  00000006  RWIX
  PIE_VECT              00000d00   00000200  000001c0  00000040  RWIX
  DMA                   00001000   00000200  000000e0  00000120  RWIX
  CLA1                  00001400   00000040  0000003e  00000002  RWIX
  EPWM1                 00004000   00000100  00000100  00000000  RWIX
  EPWM2                 00004100   00000100  00000100  00000000  RWIX
  EPWM3                 00004200   00000100  00000100  00000000  RWIX
  EPWM4                 00004300   00000100  00000100  00000000  RWIX
  EPWM5                 00004400   00000100  00000100  00000000  RWIX
  EPWM6                 00004500   00000100  00000100  00000000  RWIX
  EPWM7                 00004600   00000100  00000100  00000000  RWIX
  EPWM8                 00004700   00000100  00000100  00000000  RWIX
  EPWM9                 00004800   00000100  00000100  00000000  RWIX
  EPWM10                00004900   00000100  00000100  00000000  RWIX
  EPWM11                00004a00   00000100  00000100  00000000  RWIX
  EPWM12                00004b00   00000100  00000100  00000000  RWIX
  ECAP1                 00005000   00000020  00000020  00000000  RWIX
  ECAP2                 00005020   00000020  00000020  00000000  RWIX
  ECAP3                 00005040   00000020  00000020  00000000  RWIX
  ECAP4                 00005060   00000020  00000020  00000000  RWIX
  ECAP5                 00005080   00000020  00000020  00000000  RWIX
  ECAP6                 000050a0   00000020  00000020  00000000  RWIX
  EQEP1                 00005100   00000040  00000022  0000001e  RWIX
  EQEP2                 00005140   00000040  00000022  0000001e  RWIX
  EQEP3                 00005180   00000040  00000022  0000001e  RWIX
  DACA                  00005c00   00000010  00000008  00000008  RWIX
  DACB                  00005c10   00000010  00000008  00000008  RWIX
  DACC                  00005c20   00000010  00000008  00000008  RWIX
  CMPSS1                00005c80   00000020  00000020  00000000  RWIX
  CMPSS2                00005ca0   00000020  00000020  00000000  RWIX
  CMPSS3                00005cc0   00000020  00000020  00000000  RWIX
  CMPSS4                00005ce0   00000020  00000020  00000000  RWIX
  CMPSS5                00005d00   00000020  00000020  00000000  RWIX
  CMPSS6                00005d20   00000020  00000020  00000000  RWIX
  CMPSS7                00005d40   00000020  00000020  00000000  RWIX
  CMPSS8                00005d60   00000020  00000020  00000000  RWIX
  SDFM1                 00005e00   00000080  00000080  00000000  RWIX
  SDFM2                 00005e80   00000080  00000080  00000000  RWIX
  MCBSPA                00006000   00000040  00000024  0000001c  RWIX
  MCBSPB                00006040   00000040  00000024  0000001c  RWIX
  SPIA                  00006100   00000010  00000010  00000000  RWIX
  SPIB                  00006110   00000010  00000010  00000000  RWIX
  SPIC                  00006120   00000010  00000010  00000000  RWIX
  SPID                  00006130   00000010  00000000  00000010  RWIX
  UPP                   00006200   00000100  00000048  000000b8  RWIX
  WD                    00007000   00000040  0000002b  00000015  RWIX
  NMIINTRUPT            00007060   00000010  00000007  00000009  RWIX
  XINT                  00007070   00000010  0000000b  00000005  RWIX
  SCIA                  00007200   00000010  00000010  00000000  RWIX
  SCIB                  00007210   00000010  00000010  00000000  RWIX
  SCIC                  00007220   00000010  00000010  00000000  RWIX
  SCID                  00007230   00000010  00000010  00000000  RWIX
  I2CA                  00007300   00000040  00000022  0000001e  RWIX
  I2CB                  00007340   00000040  00000022  0000001e  RWIX
  ADCA                  00007400   00000080  00000080  00000000  RWIX
  ADCB                  00007480   00000080  00000080  00000000  RWIX
  ADCC                  00007500   00000080  00000080  00000000  RWIX
  ADCD                  00007580   00000080  00000080  00000000  RWIX
  INPUT_XBAR            00007900   00000020  00000020  00000000  RWIX
  XBAR                  00007920   00000020  00000020  00000000  RWIX
  SYNC_SOC              00007940   00000010  00000006  0000000a  RWIX
  DMACLASRCSEL          00007980   00000040  0000001a  00000026  RWIX
  EPWM_XBAR             00007a00   00000040  00000040  00000000  RWIX
  CLB_XBAR              00007a40   00000040  00000000  00000040  RWIX
  OUTPUT_XBAR           00007a80   00000040  00000040  00000000  RWIX
  GPIOCTRL              00007c00   00000180  00000180  00000000  RWIX
  GPIODAT               00007f00   00000030  00000030  00000000  RWIX
  RAMLS                 00008000   00003f00  0000075e  000037a2  RWIX
  RAMD1_RSVD            0000bf00   00000100  00000000  00000100  RWIX
  EMIF1                 00047000   00000800  00000070  00000790  RWIX
  EMIF2                 00047800   00000800  00000070  00000790  RWIX
  CANA                  00048000   00000800  00000164  0000069c  RWIX
  CANB                  0004a000   00000800  00000164  0000069c  RWIX
  FLASHPUMPSEMAPHORE    00050024   00000002  00000002  00000000  RWIX
  DEV_CFG               0005d000   00000180  0000012e  00000052  RWIX
  ANALOG_SUBSYS         0005d180   00000080  00000048  00000038  RWIX
  CLK_CFG               0005d200   00000100  00000032  000000ce  RWIX
  CPU_SYS               0005d300   00000100  00000082  0000007e  RWIX
  ROMPREFETCH           0005e608   00000002  00000002  00000000  RWIX
  DCSM_Z1               0005f000   00000030  00000024  0000000c  RWIX
  DCSM_Z2               0005f040   00000030  00000024  0000000c  RWIX
  DCSM_COMMON           0005f070   00000010  00000008  00000008  RWIX
  MEMCFG                0005f400   00000080  00000080  00000000  RWIX
  EMIF1CONFIG           0005f480   00000020  00000020  00000000  RWIX
  EMIF2CONFIG           0005f4a0   00000020  00000020  00000000  RWIX
  ACCESSPROTECTION      0005f4c0   00000040  00000040  00000000  RWIX
  MEMORYERROR           0005f500   00000040  00000040  00000000  RWIX
  ROMWAITSTATE          0005f540   00000002  00000002  00000000  RWIX
  FLASH0_CTRL           0005f800   00000300  00000182  0000017e  RWIX
  FLASH0_ECC            0005fb00   00000040  00000028  00000018  RWIX
  FLASH1_CTRL           0005fc00   00000300  00000182  0000017e  RWIX
  FLASH1_ECC            0005ff00   00000040  00000028  00000018  RWIX

PAGE 2:
  PIL_SYMBOLS           00000000   00001000  00000000  00001000  RWIX


SECTION ALLOCATION MAP

 output                                  attributes/
section   page    origin      length       input sections
--------  ----  ----------  ----------   ----------------
codestart 
*          0    00080000    00000002     
                  00080000    00000002     F2837xS_CodeStartBranch.obj (codestart)

AdcaResultFile 
*          1    00000b00    00000018     UNINITIALIZED
                  00000b00    00000018     F2837xS_GlobalVariableDefs.obj (AdcaResultFile)

AdcbResultFile 
*          1    00000b20    00000018     UNINITIALIZED
                  00000b20    00000018     F2837xS_GlobalVariableDefs.obj (AdcbResultFile)

AdccResultFile 
*          1    00000b40    00000018     UNINITIALIZED
                  00000b40    00000018     F2837xS_GlobalVariableDefs.obj (AdccResultFile)

AdcdResultFile 
*          1    00000b60    00000018     UNINITIALIZED
                  00000b60    00000018     F2837xS_GlobalVariableDefs.obj (AdcdResultFile)

CpuTimer0RegsFile 
*          1    00000c00    00000008     UNINITIALIZED
                  00000c00    00000008     F2837xS_GlobalVariableDefs.obj (CpuTimer0RegsFile)

CpuTimer1RegsFile 
*          1    00000c08    00000008     UNINITIALIZED
                  00000c08    00000008     F2837xS_GlobalVariableDefs.obj (CpuTimer1RegsFile)

CpuTimer2RegsFile 
*          1    00000c10    00000008     UNINITIALIZED
                  00000c10    00000008     F2837xS_GlobalVariableDefs.obj (CpuTimer2RegsFile)

PieCtrlRegsFile 
*          1    00000ce0    0000001a     UNINITIALIZED
                  00000ce0    0000001a     F2837xS_GlobalVariableDefs.obj (PieCtrlRegsFile)

PieVectTableFile 
*          1    00000d00    000001c0     UNINITIALIZED
                  00000d00    000001c0     F2837xS_GlobalVariableDefs.obj (PieVectTableFile)

EmuBModeVar 
*          1    00000d00    00000001     UNINITIALIZED
                  00000d00    00000001     F2837xS_GlobalVariableDefs.obj (EmuBModeVar)

EmuBootPinsVar 
*          1    00000d01    00000001     UNINITIALIZED
                  00000d01    00000001     F2837xS_GlobalVariableDefs.obj (EmuBootPinsVar)

DmaRegsFile 
*          1    00001000    000000e0     UNINITIALIZED
                  00001000    000000e0     F2837xS_GlobalVariableDefs.obj (DmaRegsFile)

Cla1RegsFile 
*          1    00001400    0000003e     UNINITIALIZED
                  00001400    0000003e     F2837xS_GlobalVariableDefs.obj (Cla1RegsFile)

EPwm1RegsFile 
*          1    00004000    00000100     UNINITIALIZED
                  00004000    00000100     F2837xS_GlobalVariableDefs.obj (EPwm1RegsFile)

EPwm2RegsFile 
*          1    00004100    00000100     UNINITIALIZED
                  00004100    00000100     F2837xS_GlobalVariableDefs.obj (EPwm2RegsFile)

EPwm3RegsFile 
*          1    00004200    00000100     UNINITIALIZED
                  00004200    00000100     F2837xS_GlobalVariableDefs.obj (EPwm3RegsFile)

EPwm4RegsFile 
*          1    00004300    00000100     UNINITIALIZED
                  00004300    00000100     F2837xS_GlobalVariableDefs.obj (EPwm4RegsFile)

EPwm5RegsFile 
*          1    00004400    00000100     UNINITIALIZED
                  00004400    00000100     F2837xS_GlobalVariableDefs.obj (EPwm5RegsFile)

EPwm6RegsFile 
*          1    00004500    00000100     UNINITIALIZED
                  00004500    00000100     F2837xS_GlobalVariableDefs.obj (EPwm6RegsFile)

EPwm7RegsFile 
*          1    00004600    00000100     UNINITIALIZED
                  00004600    00000100     F2837xS_GlobalVariableDefs.obj (EPwm7RegsFile)

EPwm8RegsFile 
*          1    00004700    00000100     UNINITIALIZED
                  00004700    00000100     F2837xS_GlobalVariableDefs.obj (EPwm8RegsFile)

EPwm9RegsFile 
*          1    00004800    00000100     UNINITIALIZED
                  00004800    00000100     F2837xS_GlobalVariableDefs.obj (EPwm9RegsFile)

EPwm10RegsFile 
*          1    00004900    00000100     UNINITIALIZED
                  00004900    00000100     F2837xS_GlobalVariableDefs.obj (EPwm10RegsFile)

EPwm11RegsFile 
*          1    00004a00    00000100     UNINITIALIZED
                  00004a00    00000100     F2837xS_GlobalVariableDefs.obj (EPwm11RegsFile)

EPwm12RegsFile 
*          1    00004b00    00000100     UNINITIALIZED
                  00004b00    00000100     F2837xS_GlobalVariableDefs.obj (EPwm12RegsFile)

ECap1RegsFile 
*          1    00005000    00000020     UNINITIALIZED
                  00005000    00000020     F2837xS_GlobalVariableDefs.obj (ECap1RegsFile)

ECap2RegsFile 
*          1    00005020    00000020     UNINITIALIZED
                  00005020    00000020     F2837xS_GlobalVariableDefs.obj (ECap2RegsFile)

ECap3RegsFile 
*          1    00005040    00000020     UNINITIALIZED
                  00005040    00000020     F2837xS_GlobalVariableDefs.obj (ECap3RegsFile)

ECap4RegsFile 
*          1    00005060    00000020     UNINITIALIZED
                  00005060    00000020     F2837xS_GlobalVariableDefs.obj (ECap4RegsFile)

ECap5RegsFile 
*          1    00005080    00000020     UNINITIALIZED
                  00005080    00000020     F2837xS_GlobalVariableDefs.obj (ECap5RegsFile)

ECap6RegsFile 
*          1    000050a0    00000020     UNINITIALIZED
                  000050a0    00000020     F2837xS_GlobalVariableDefs.obj (ECap6RegsFile)

EQep1RegsFile 
*          1    00005100    00000022     UNINITIALIZED
                  00005100    00000022     F2837xS_GlobalVariableDefs.obj (EQep1RegsFile)

EQep2RegsFile 
*          1    00005140    00000022     UNINITIALIZED
                  00005140    00000022     F2837xS_GlobalVariableDefs.obj (EQep2RegsFile)

EQep3RegsFile 
*          1    00005180    00000022     UNINITIALIZED
                  00005180    00000022     F2837xS_GlobalVariableDefs.obj (EQep3RegsFile)

DacaRegsFile 
*          1    00005c00    00000008     UNINITIALIZED
                  00005c00    00000008     F2837xS_GlobalVariableDefs.obj (DacaRegsFile)

DacbRegsFile 
*          1    00005c10    00000008     UNINITIALIZED
                  00005c10    00000008     F2837xS_GlobalVariableDefs.obj (DacbRegsFile)

DaccRegsFile 
*          1    00005c20    00000008     UNINITIALIZED
                  00005c20    00000008     F2837xS_GlobalVariableDefs.obj (DaccRegsFile)

Sdfm1RegsFile 
*          1    00005e00    00000080     UNINITIALIZED
                  00005e00    00000080     F2837xS_GlobalVariableDefs.obj (Sdfm1RegsFile)

Sdfm2RegsFile 
*          1    00005e80    00000080     UNINITIALIZED
                  00005e80    00000080     F2837xS_GlobalVariableDefs.obj (Sdfm2RegsFile)

McbspaRegsFile 
*          1    00006000    00000024     UNINITIALIZED
                  00006000    00000024     F2837xS_GlobalVariableDefs.obj (McbspaRegsFile)

McbspbRegsFile 
*          1    00006040    00000024     UNINITIALIZED
                  00006040    00000024     F2837xS_GlobalVariableDefs.obj (McbspbRegsFile)

SpiaRegsFile 
*          1    00006100    00000010     UNINITIALIZED
                  00006100    00000010     F2837xS_GlobalVariableDefs.obj (SpiaRegsFile)

SpibRegsFile 
*          1    00006110    00000010     UNINITIALIZED
                  00006110    00000010     F2837xS_GlobalVariableDefs.obj (SpibRegsFile)

SpicRegsFile 
*          1    00006120    00000010     UNINITIALIZED
                  00006120    00000010     F2837xS_GlobalVariableDefs.obj (SpicRegsFile)

UppRegsFile 
*          1    00006200    00000048     UNINITIALIZED
                  00006200    00000048     F2837xS_GlobalVariableDefs.obj (UppRegsFile)

WdRegsFile 
*          1    00007000    0000002b     UNINITIALIZED
                  00007000    0000002b     F2837xS_GlobalVariableDefs.obj (WdRegsFile)

NmiIntruptRegsFile 
*          1    00007060    00000007     UNINITIALIZED
                  00007060    00000007     F2837xS_GlobalVariableDefs.obj (NmiIntruptRegsFile)

XintRegsFile 
*          1    00007070    0000000b     UNINITIALIZED
                  00007070    0000000b     F2837xS_GlobalVariableDefs.obj (XintRegsFile)

SciaRegsFile 
*          1    00007200    00000010     UNINITIALIZED
                  00007200    00000010     F2837xS_GlobalVariableDefs.obj (SciaRegsFile)

ScibRegsFile 
*          1    00007210    00000010     UNINITIALIZED
                  00007210    00000010     F2837xS_GlobalVariableDefs.obj (ScibRegsFile)

ScicRegsFile 
*          1    00007220    00000010     UNINITIALIZED
                  00007220    00000010     F2837xS_GlobalVariableDefs.obj (ScicRegsFile)

ScidRegsFile 
*          1    00007230    00000010     UNINITIALIZED
                  00007230    00000010     F2837xS_GlobalVariableDefs.obj (ScidRegsFile)

I2caRegsFile 
*          1    00007300    00000022     UNINITIALIZED
                  00007300    00000022     F2837xS_GlobalVariableDefs.obj (I2caRegsFile)

I2cbRegsFile 
*          1    00007340    00000022     UNINITIALIZED
                  00007340    00000022     F2837xS_GlobalVariableDefs.obj (I2cbRegsFile)

AdcaRegsFile 
*          1    00007400    00000080     UNINITIALIZED
                  00007400    00000080     F2837xS_GlobalVariableDefs.obj (AdcaRegsFile)

AdcbRegsFile 
*          1    00007480    00000080     UNINITIALIZED
                  00007480    00000080     F2837xS_GlobalVariableDefs.obj (AdcbRegsFile)

AdccRegsFile 
*          1    00007500    00000080     UNINITIALIZED
                  00007500    00000080     F2837xS_GlobalVariableDefs.obj (AdccRegsFile)

AdcdRegsFile 
*          1    00007580    00000080     UNINITIALIZED
                  00007580    00000080     F2837xS_GlobalVariableDefs.obj (AdcdRegsFile)

DmaClaSrcSelRegsFile 
*          1    00007980    0000001a     UNINITIALIZED
                  00007980    0000001a     F2837xS_GlobalVariableDefs.obj (DmaClaSrcSelRegsFile)

EPwmXbarRegsFile 
*          1    00007a00    00000040     UNINITIALIZED
                  00007a00    00000040     F2837xS_GlobalVariableDefs.obj (EPwmXbarRegsFile)

Emif1RegsFile 
*          1    00047000    00000070     UNINITIALIZED
                  00047000    00000070     F2837xS_GlobalVariableDefs.obj (Emif1RegsFile)

Emif2RegsFile 
*          1    00047800    00000070     UNINITIALIZED
                  00047800    00000070     F2837xS_GlobalVariableDefs.obj (Emif2RegsFile)

CanaRegsFile 
*          1    00048000    00000164     UNINITIALIZED
                  00048000    00000164     F2837xS_GlobalVariableDefs.obj (CanaRegsFile)

CanbRegsFile 
*          1    0004a000    00000164     UNINITIALIZED
                  0004a000    00000164     F2837xS_GlobalVariableDefs.obj (CanbRegsFile)

AnalogSubsysRegsFile 
*          1    0005d180    00000048     UNINITIALIZED
                  0005d180    00000048     F2837xS_GlobalVariableDefs.obj (AnalogSubsysRegsFile)

Cla1SoftIntRegsFile 
*          1    00000ce0    00000004     DSECT
                  00000ce0    00000004     F2837xS_GlobalVariableDefs.obj (Cla1SoftIntRegsFile)

Cmpss1RegsFile 
*          1    00005c80    00000020     UNINITIALIZED
                  00005c80    00000020     F2837xS_GlobalVariableDefs.obj (Cmpss1RegsFile)

Cmpss2RegsFile 
*          1    00005ca0    00000020     UNINITIALIZED
                  00005ca0    00000020     F2837xS_GlobalVariableDefs.obj (Cmpss2RegsFile)

Cmpss3RegsFile 
*          1    00005cc0    00000020     UNINITIALIZED
                  00005cc0    00000020     F2837xS_GlobalVariableDefs.obj (Cmpss3RegsFile)

Cmpss4RegsFile 
*          1    00005ce0    00000020     UNINITIALIZED
                  00005ce0    00000020     F2837xS_GlobalVariableDefs.obj (Cmpss4RegsFile)

Cmpss5RegsFile 
*          1    00005d00    00000020     UNINITIALIZED
                  00005d00    00000020     F2837xS_GlobalVariableDefs.obj (Cmpss5RegsFile)

Cmpss6RegsFile 
*          1    00005d20    00000020     UNINITIALIZED
                  00005d20    00000020     F2837xS_GlobalVariableDefs.obj (Cmpss6RegsFile)

Cmpss7RegsFile 
*          1    00005d40    00000020     UNINITIALIZED
                  00005d40    00000020     F2837xS_GlobalVariableDefs.obj (Cmpss7RegsFile)

Cmpss8RegsFile 
*          1    00005d60    00000020     UNINITIALIZED
                  00005d60    00000020     F2837xS_GlobalVariableDefs.obj (Cmpss8RegsFile)

InputXbarRegsFile 
*          1    00007900    00000020     UNINITIALIZED
                  00007900    00000020     F2837xS_GlobalVariableDefs.obj (InputXbarRegsFile)

XbarRegsFile 
*          1    00007920    00000020     UNINITIALIZED
                  00007920    00000020     F2837xS_GlobalVariableDefs.obj (XbarRegsFile)

SyncSocRegsFile 
*          1    00007940    00000006     UNINITIALIZED
                  00007940    00000006     F2837xS_GlobalVariableDefs.obj (SyncSocRegsFile)

OutputXbarRegsFile 
*          1    00007a80    00000040     UNINITIALIZED
                  00007a80    00000040     F2837xS_GlobalVariableDefs.obj (OutputXbarRegsFile)

GpioCtrlRegsFile 
*          1    00007c00    00000180     UNINITIALIZED
                  00007c00    00000180     F2837xS_GlobalVariableDefs.obj (GpioCtrlRegsFile)

GpioDataRegsFile 
*          1    00007f00    00000030     UNINITIALIZED
                  00007f00    00000030     F2837xS_GlobalVariableDefs.obj (GpioDataRegsFile)

FlashPumpSemaphoreRegsFile 
*          1    00050024    00000002     UNINITIALIZED
                  00050024    00000002     F2837xS_GlobalVariableDefs.obj (FlashPumpSemaphoreRegsFile)

RomPrefetchRegsFile 
*          1    0005e608    00000002     UNINITIALIZED
                  0005e608    00000002     F2837xS_GlobalVariableDefs.obj (RomPrefetchRegsFile)

DcsmZ1RegsFile 
*          1    0005f000    00000024     UNINITIALIZED
                  0005f000    00000024     F2837xS_GlobalVariableDefs.obj (DcsmZ1RegsFile)

DcsmZ2RegsFile 
*          1    0005f040    00000024     UNINITIALIZED
                  0005f040    00000024     F2837xS_GlobalVariableDefs.obj (DcsmZ2RegsFile)

DcsmCommonRegsFile 
*          1    0005f070    00000008     UNINITIALIZED
                  0005f070    00000008     F2837xS_GlobalVariableDefs.obj (DcsmCommonRegsFile)

MemCfgRegsFile 
*          1    0005f400    00000080     UNINITIALIZED
                  0005f400    00000080     F2837xS_GlobalVariableDefs.obj (MemCfgRegsFile)

Emif1ConfigRegsFile 
*          1    0005f480    00000020     UNINITIALIZED
                  0005f480    00000020     F2837xS_GlobalVariableDefs.obj (Emif1ConfigRegsFile)

Emif2ConfigRegsFile 
*          1    0005f4a0    00000020     UNINITIALIZED
                  0005f4a0    00000020     F2837xS_GlobalVariableDefs.obj (Emif2ConfigRegsFile)

AccessProtectionRegsFile 
*          1    0005f4c0    00000040     UNINITIALIZED
                  0005f4c0    00000040     F2837xS_GlobalVariableDefs.obj (AccessProtectionRegsFile)

MemoryErrorRegsFile 
*          1    0005f500    00000040     UNINITIALIZED
                  0005f500    00000040     F2837xS_GlobalVariableDefs.obj (MemoryErrorRegsFile)

RomWaitStateRegsFile 
*          1    0005f540    00000002     UNINITIALIZED
                  0005f540    00000002     F2837xS_GlobalVariableDefs.obj (RomWaitStateRegsFile)

Flash0CtrlRegsFile 
*          1    0005f800    00000182     UNINITIALIZED
                  0005f800    00000182     F2837xS_GlobalVariableDefs.obj (Flash0CtrlRegsFile)

Flash0EccRegsFile 
*          1    0005fb00    00000028     UNINITIALIZED
                  0005fb00    00000028     F2837xS_GlobalVariableDefs.obj (Flash0EccRegsFile)

Flash1CtrlRegsFile 
*          1    0005fc00    00000182     UNINITIALIZED
                  0005fc00    00000182     F2837xS_GlobalVariableDefs.obj (Flash1CtrlRegsFile)

Flash1EccRegsFile 
*          1    0005ff00    00000028     UNINITIALIZED
                  0005ff00    00000028     F2837xS_GlobalVariableDefs.obj (Flash1EccRegsFile)

DevCfgRegsFile 
*          1    0005d000    0000012e     UNINITIALIZED
                  0005d000    0000012e     F2837xS_GlobalVariableDefs.obj (DevCfgRegsFile)

ClkCfgRegsFile 
*          1    0005d200    00000032     UNINITIALIZED
                  0005d200    00000032     F2837xS_GlobalVariableDefs.obj (ClkCfgRegsFile)

CpuSysRegsFile 
*          1    0005d300    00000082     UNINITIALIZED
                  0005d300    00000082     F2837xS_GlobalVariableDefs.obj (CpuSysRegsFile)

.cinit     0    00085134    00000064     
                  00085134    00000012     LaunchPad.obj (.cinit)
                  00085146    0000000f     LaunchPad.obj (.cinit:_fsm_outputPtrs$5)
                  00085155    0000000f     LaunchPad.obj (.cinit:_fsm_outputs$6)
                  00085164    0000000e     rts2800_fpu32.lib : exit.c.obj (.cinit)
                  00085172    0000000d     LaunchPad.obj (.cinit:_fsm_inputPtrs$3)
                  0008517f    0000000d     LaunchPad.obj (.cinit:_fsm_inputs$4)
                  0008518c    00000005     rts2800_fpu32.lib : _lock.c.obj (.cinit:__lock)
                  00085191    00000005                       : _lock.c.obj (.cinit:__unlock)
                  00085196    00000002     --HOLE-- [fill = 0]

.pinit     0    00080004    00000000     UNINITIALIZED

.text      0    00080004    00004ff9     
                  00080004    00000d3b     LaunchPad.obj (.text)
                  00080d3f    0000061c     pil_c28_fpu32.lib : probes.obj (.text)
                  0008135b    000005d2     pwm_2837x.obj (.text)
                  0008192d    00000585     F2837xS_DefaultISR.obj (.text:retain)
                  00081eb2    000004d4     pil_c28_fpu32.lib : scope.obj (.text)
                  00082386    00000432     dispatcher_2837x.obj (.text)
                  000827b8    000003f7     pil_c28_fpu32.lib : pil.obj (.text)
                  00082baf    00000377     LaunchPad_0.obj (.text)
                  00082f26    0000032d     F2837xS_DevInit.obj (.text)
                  00083253    00000324     pil_c28_fpu32.lib : seriallink.obj (.text)
                  00083577    000002ca     hal_2837x.obj (.text)
                  00083841    00000277     qep_2837x.obj (.text)
                  00083ab8    0000023d     can.obj (.text)
                  00083cf5    00000220     pil_c28_fpu32.lib : basicservices.obj (.text)
                  00083f15    00000208                       : remoteagent.obj (.text)
                  0008411d    0000018e     canbus_2837x.obj (.text)
                  000842ab    0000018c     spi_2837x.obj (.text)
                  00084437    00000173     pil_c28_fpu32.lib : parallelbridge.obj (.text)
                  000845aa    00000154     dispatcher_2837x.obj (.text:retain)
                  000846fe    0000012d     power.obj (.text)
                  0008482b    00000115     ain_2837x.obj (.text)
                  00084940    0000010a     cap_2837x.obj (.text)
                  00084a4a    000000e4     F2837xS_Adc.obj (.text)
                  00084b2e    000000a6     dio_2837x.obj (.text)
                  00084bd4    00000088     rts2800_fpu32.lib : fs_div28.asm.obj (.text)
                  00084c5c    00000072     main.obj (.text)
                  00084cce    00000063     rts2800_fpu32.lib : s_cosf.c.obj (.text)
                  00084d31    00000062     pil_c28_fpu32.lib : ringbuf.obj (.text)
                  00084d93    00000059     rts2800_fpu32.lib : s_floorf.c.obj (.text)
                  00084dec    00000059                       : s_sinf.c.obj (.text)
                  00084e45    00000058                       : s_ceilf.c.obj (.text)
                  00084e9d    00000056                       : boot28.asm.obj (.text)
                  00084ef3    0000003f     gatedriver_basic.obj (.text)
                  00084f32    00000032     dac_2837x.obj (.text)
                  00084f64    00000029     rts2800_fpu32.lib : exit.c.obj (.text)
                  00084f8d    00000024                       : cpy_tbl.c.obj (.text)
                  00084fb1    0000001d                       : memcpy.c.obj (.text)
                  00084fce    00000012                       : args_main.c.obj (.text)
                  00084fe0    0000000a     F2837xS_DevInit.obj (.text:retain)
                  00084fea    00000009     rts2800_fpu32.lib : _lock.c.obj (.text)
                  00084ff3    00000007     pil_c28_fpu32.lib : pil_f28x_dis_int.obj (.text)
                  00084ffa    00000002     rts2800_fpu32.lib : pre_init.c.obj (.text)
                  00084ffc    00000001                       : startup.c.obj (.text)

.stack     1    00000400    00000300     UNINITIALIZED
                  00000400    00000300     --HOLE--

.ebss      1    00008000    0000075e     UNINITIALIZED
                  00008000    000003e2     main.obj (.ebss)
                  000083e2    00000018     LaunchPad.obj (.ebss:_LaunchPad_fsm_struct)
                  000083fa    00000006     rts2800_fpu32.lib : exit.c.obj (.ebss)
                  00008400    000001e0     hal_2837x.obj (.ebss)
                  000085e0    00000020     power.obj (.ebss)
                  00008600    000000be     LaunchPad.obj (.ebss)
                  000086be    00000002     LaunchPad.obj (.ebss:_LaunchPad_D_double)
                  000086c0    0000003a     dispatcher_2837x.obj (.ebss)
                  000086fa    00000002     rts2800_fpu32.lib : _lock.c.obj (.ebss:__lock)
                  000086fc    00000002                       : _lock.c.obj (.ebss:__unlock)
                  000086fe    00000001     LaunchPad.obj (.ebss:_fsm_takenTransitions$7)
                  000086ff    00000001     --HOLE--
                  00008700    00000018     dio_2837x.obj (.ebss)
                  00008718    0000000c     LaunchPad.obj (.ebss:_LaunchPad_deriv)
                  00008724    0000000c     LaunchPad.obj (.ebss:_fsm_outputPtrs$5)
                  00008730    0000000c     LaunchPad.obj (.ebss:_fsm_outputs$6)
                  0000873c    00000004     --HOLE--
                  00008740    0000000a     main.obj (.ebss:_Tasks)
                  0000874a    0000000a     LaunchPad.obj (.ebss:_fsm_inputPtrs$3)
                  00008754    0000000a     LaunchPad.obj (.ebss:_fsm_inputs$4)

.econst    0    00085000    00000134     
                  00085000    0000006a     LaunchPad.obj (.econst:.string)
                  0008506a    00000048     dispatcher_2837x.obj (.econst:pilv:retain)
                  000850b2    00000038     pil_symbols_c.obj (.econst:pilv:retain)
                  000850ea    0000002a     LaunchPad_0.obj (.econst:.string)
                  00085114    00000010     pil_c28_fpu32.lib : seriallink.obj (.econst:_PIL_SLINK_crc16Lookup)
                  00085124    00000006     dispatcher_2837x.obj (.econst:.string)
                  0008512a    00000006     LaunchPad.obj (.econst)
                  00085130    00000002     rts2800_fpu32.lib : s_ceilf.c.obj (.econst)
                  00085132    00000002                       : s_floorf.c.obj (.econst)

.switch    0    000851f8    00000018     
                  000851f8    00000018     pwm_2837x.obj (.switch:_PWM_getRegisterBase)

.reset     0    003fffc0    00000002     DSECT
                  003fffc0    00000002     rts2800_fpu32.lib : boot28.asm.obj (.reset)

ramfuncs   0    00085198    00000057     RUN ADDR = 00000124
                  00085198    00000057     F2837xS_DevInit.obj (ramfuncs)

.TI.ramfunc 
*          0    000851ef    00000008     RUN ADDR = 0000017b
                  000851ef    00000004     F2837xS_usDelay.obj (.TI.ramfunc)
                  000851f3    00000004     sysctl.obj (.TI.ramfunc)

.csconf    2    00000000    00000001     COPY SECTION
                  00000000    00000001     pil_symbols_p.obj (.econst:pilv:retain)

MODULE SUMMARY

       Module                           code    initialized data   uninitialized data
       ------                           ----    ----------------   ------------------
    .\output_TI2837xS\
       F2837xS_GlobalVariableDefs.obj   0       0                  9085              
       LaunchPad.obj                    3387    186                273               
       dispatcher_2837x.obj             1414    78                 58                
       pwm_2837x.obj                    1490    24                 0                 
       F2837xS_DefaultISR.obj           1413    0                  0                 
       hal_2837x.obj                    714     0                  480               
       main.obj                         114     0                  1004              
       F2837xS_DevInit.obj              997     0                  0                 
       LaunchPad_0.obj                  887     42                 0                 
       qep_2837x.obj                    631     0                  0                 
       can.obj                          573     0                  0                 
       canbus_2837x.obj                 398     0                  0                 
       spi_2837x.obj                    396     0                  0                 
       power.obj                        301     0                  32                
       ain_2837x.obj                    277     0                  0                 
       cap_2837x.obj                    266     0                  0                 
       F2837xS_Adc.obj                  228     0                  0                 
       dio_2837x.obj                    166     0                  24                
       gatedriver_basic.obj             63      0                  0                 
       pil_symbols_c.obj                0       56                 0                 
       dac_2837x.obj                    50      0                  0                 
       F2837xS_usDelay.obj              8       0                  0                 
       sysctl.obj                       8       0                  0                 
       F2837xS_CodeStartBranch.obj      2       0                  0                 
    +--+--------------------------------+-------+------------------+--------------------+
       Total:                           13783   386                10956             
                                                                                     
    C:\ti\ti-cgt-c2000_20.2.2.LTS\LIB\rts2800_fpu32.lib
       fs_div28.asm.obj                 136     0                  0                 
       s_cosf.c.obj                     99      0                  0                 
       s_floorf.c.obj                   89      2                  0                 
       s_ceilf.c.obj                    88      2                  0                 
       s_sinf.c.obj                     89      0                  0                 
       boot28.asm.obj                   86      0                  0                 
       exit.c.obj                       41      14                 6                 
       cpy_tbl.c.obj                    36      0                  0                 
       memcpy.c.obj                     29      0                  0                 
       _lock.c.obj                      9       10                 4                 
       args_main.c.obj                  18      0                  0                 
       pre_init.c.obj                   2       0                  0                 
       startup.c.obj                    1       0                  0                 
    +--+--------------------------------+-------+------------------+--------------------+
       Total:                           723     28                 10                
                                                                                     
    H:\Research\Software_Library\Coder Targets\ti_c2000\TI2837xS\pil\pil_c28_fpu32.lib
       probes.obj                       1564    0                  0                 
       scope.obj                        1236    0                  0                 
       pil.obj                          1015    0                  0                 
       seriallink.obj                   804     16                 0                 
       basicservices.obj                544     0                  0                 
       remoteagent.obj                  520     0                  0                 
       parallelbridge.obj               371     0                  0                 
       ringbuf.obj                      98      0                  0                 
       pil_f28x_dis_int.obj             7       0                  0                 
    +--+--------------------------------+-------+------------------+--------------------+
       Total:                           6159    16                 0                 
                                                                                     
       Stack:                           0       0                  768               
    +--+--------------------------------+-------+------------------+--------------------+
       Grand Total:                     20665   430                11734             


GLOBAL DATA SYMBOLS: SORTED BY DATA PAGE

address     data page           name
--------    ----------------    ----
00000000       0 (00000000)     _PIL_C_ProcessorPartNumber

00000400      10 (00000400)     __stack

00000b00      2c (00000b00)     _AdcaResultRegs
00000b20      2c (00000b00)     _AdcbResultRegs

00000b40      2d (00000b40)     _AdccResultRegs
00000b60      2d (00000b40)     _AdcdResultRegs

00000c00      30 (00000c00)     _CpuTimer0Regs
00000c08      30 (00000c00)     _CpuTimer1Regs
00000c10      30 (00000c00)     _CpuTimer2Regs

00000ce0      33 (00000cc0)     _Cla1SoftIntRegs
00000ce0      33 (00000cc0)     _PieCtrlRegs

00000d00      34 (00000d00)     _EmuBMode
00000d00      34 (00000d00)     _PieVectTable
00000d01      34 (00000d00)     _EmuBootPins

00001000      40 (00001000)     _DmaRegs

00001400      50 (00001400)     _Cla1Regs

00004000     100 (00004000)     _EPwm1Regs

00004100     104 (00004100)     _EPwm2Regs

00004200     108 (00004200)     _EPwm3Regs

00004300     10c (00004300)     _EPwm4Regs

00004400     110 (00004400)     _EPwm5Regs

00004500     114 (00004500)     _EPwm6Regs

00004600     118 (00004600)     _EPwm7Regs

00004700     11c (00004700)     _EPwm8Regs

00004800     120 (00004800)     _EPwm9Regs

00004900     124 (00004900)     _EPwm10Regs

00004a00     128 (00004a00)     _EPwm11Regs

00004b00     12c (00004b00)     _EPwm12Regs

00005000     140 (00005000)     _ECap1Regs
00005020     140 (00005000)     _ECap2Regs

00005040     141 (00005040)     _ECap3Regs
00005060     141 (00005040)     _ECap4Regs

00005080     142 (00005080)     _ECap5Regs
000050a0     142 (00005080)     _ECap6Regs

00005100     144 (00005100)     _EQep1Regs

00005140     145 (00005140)     _EQep2Regs

00005180     146 (00005180)     _EQep3Regs

00005c00     170 (00005c00)     _DacaRegs
00005c10     170 (00005c00)     _DacbRegs
00005c20     170 (00005c00)     _DaccRegs

00005c80     172 (00005c80)     _Cmpss1Regs
00005ca0     172 (00005c80)     _Cmpss2Regs

00005cc0     173 (00005cc0)     _Cmpss3Regs
00005ce0     173 (00005cc0)     _Cmpss4Regs

00005d00     174 (00005d00)     _Cmpss5Regs
00005d20     174 (00005d00)     _Cmpss6Regs

00005d40     175 (00005d40)     _Cmpss7Regs
00005d60     175 (00005d40)     _Cmpss8Regs

00005e00     178 (00005e00)     _Sdfm1Regs

00005e80     17a (00005e80)     _Sdfm2Regs

00006000     180 (00006000)     _McbspaRegs

00006040     181 (00006040)     _McbspbRegs

00006100     184 (00006100)     _SpiaRegs
00006110     184 (00006100)     _SpibRegs
00006120     184 (00006100)     _SpicRegs

00006200     188 (00006200)     _UppRegs

00007000     1c0 (00007000)     _WdRegs

00007060     1c1 (00007040)     _NmiIntruptRegs
00007070     1c1 (00007040)     _XintRegs

00007200     1c8 (00007200)     _SciaRegs
00007210     1c8 (00007200)     _ScibRegs
00007220     1c8 (00007200)     _ScicRegs
00007230     1c8 (00007200)     _ScidRegs

00007300     1cc (00007300)     _I2caRegs

00007340     1cd (00007340)     _I2cbRegs

00007400     1d0 (00007400)     _AdcaRegs

00007480     1d2 (00007480)     _AdcbRegs

00007500     1d4 (00007500)     _AdccRegs

00007580     1d6 (00007580)     _AdcdRegs

00007900     1e4 (00007900)     _InputXbarRegs
00007920     1e4 (00007900)     _XbarRegs

00007940     1e5 (00007940)     _SyncSocRegs

00007980     1e6 (00007980)     _DmaClaSrcSelRegs

00007a00     1e8 (00007a00)     _EPwmXbarRegs

00007a80     1ea (00007a80)     _OutputXbarRegs

00007c00     1f0 (00007c00)     _GpioCtrlRegs

00007f00     1fc (00007f00)     _GpioDataRegs

00008000     200 (00008000)     _PilHandle

00008040     201 (00008040)     _PilObj

000083fa     20f (000083c0)     ___TI_enable_exit_profile_output
000083fc     20f (000083c0)     ___TI_cleanup_ptr
000083fe     20f (000083c0)     ___TI_dtors_ptr

00008400     210 (00008400)     _HAL_SObj

000085e0     217 (000085c0)     _PWR_SHandle
000085e2     217 (000085c0)     _PWR_SObj

00008606     218 (00008600)     _LaunchPad_errorStatus
0000861a     218 (00008600)     _LaunchPad_X

00008640     219 (00008640)     _LaunchPad_B

000086c0     21b (000086c0)     _DisprHandle
000086c2     21b (000086c0)     _DisprObj
000086fa     21b (000086c0)     __lock
000086fc     21b (000086c0)     __unlock

00008740     21d (00008740)     _Tasks

00047000    11c0 (00047000)     _Emif1Regs

00047800    11e0 (00047800)     _Emif2Regs

00048000    1200 (00048000)     _CanaRegs

0004a000    1280 (0004a000)     _CanbRegs

00050024    1400 (00050000)     _FlashPumpSemaphoreRegs

0005d000    1740 (0005d000)     _DevCfgRegs

0005d180    1746 (0005d180)     _AnalogSubsysRegs

0005d200    1748 (0005d200)     _ClkCfgRegs

0005d300    174c (0005d300)     _CpuSysRegs

0005e608    1798 (0005e600)     _RomPrefetchRegs

0005f000    17c0 (0005f000)     _DcsmZ1Regs

0005f040    17c1 (0005f040)     _DcsmZ2Regs
0005f070    17c1 (0005f040)     _DcsmCommonRegs

0005f400    17d0 (0005f400)     _MemCfgRegs

0005f480    17d2 (0005f480)     _Emif1ConfigRegs
0005f4a0    17d2 (0005f480)     _Emif2ConfigRegs

0005f4c0    17d3 (0005f4c0)     _AccessProtectionRegs

0005f500    17d4 (0005f500)     _MemoryErrorRegs

0005f540    17d5 (0005f540)     _RomWaitStateRegs

0005f800    17e0 (0005f800)     _Flash0CtrlRegs

0005fb00    17ec (0005fb00)     _Flash0EccRegs

0005fc00    17f0 (0005fc00)     _Flash1CtrlRegs

0005ff00    17fc (0005ff00)     _Flash1EccRegs

0008506a    2141 (00085040)     _PIL_V_DisprObj_ctrlPeriod
00085070    2141 (00085040)     _PIL_V_DisprObj_task2DispatchPeriod
00085076    2141 (00085040)     _PIL_V_DisprObj_thisCntdownTimestamp0
0008507c    2141 (00085040)     _PIL_V_DisprObj_thisCntdownTimestamp1

00085082    2142 (00085080)     _PIL_V_DisprObj_thisCntdownTimestamp2
00085088    2142 (00085080)     _PIL_V_DisprObj_cntdownTimestamp1
0008508e    2142 (00085080)     _PIL_V_DisprObj_cntdownTimestamp2
00085094    2142 (00085080)     _PIL_V_DisprObj_task1Margin
0008509a    2142 (00085080)     _PIL_V_DisprObj_task1WorstCaseMargin
000850a0    2142 (00085080)     _PIL_V_DisprObj_cpuLoadInPercent
000850a6    2142 (00085080)     _PIL_V_DisprObj_variablePeriodDetected
000850ac    2142 (00085080)     _PIL_V_DisprObj_pwmTBPRDWc
000850b2    2142 (00085080)     _PIL_D_FrameworkVersion
000850b3    2142 (00085080)     _PIL_D_StationAddress
000850b4    2142 (00085080)     _PIL_D_Guid
000850bc    2142 (00085080)     _PIL_D_CompiledBy

000850c8    2143 (000850c0)     _PIL_D_FirmwareDescription
000850d6    2143 (000850c0)     _PIL_D_CompiledDate

00085114    2144 (00085100)     _PIL_SLINK_crc16Lookup
0008512c    2144 (00085100)     _LaunchPad_sampleTime
0008512e    2144 (00085100)     _LaunchPad_checksum


GLOBAL SYMBOLS: SORTED ALPHABETICALLY BY Name 

page  address   name                                  
----  -------   ----                                  
0     00080004  .text                                 
0     00084f64  C$$EXIT                               
0     00084bd4  FS$$DIV                               
0     00081ea8  _ADCA1_ISR                            
0     00081e9e  _ADCA2_ISR                            
0     00081e94  _ADCA3_ISR                            
0     00081e8a  _ADCA4_ISR                            
0     00081e80  _ADCA_EVT_ISR                         
0     00081e76  _ADCB1_ISR                            
0     00081e6c  _ADCB2_ISR                            
0     00081e62  _ADCB3_ISR                            
0     00081e58  _ADCB4_ISR                            
0     00081e4e  _ADCB_EVT_ISR                         
0     00081e44  _ADCC1_ISR                            
0     00081e3a  _ADCC2_ISR                            
0     00081e30  _ADCC3_ISR                            
0     00081e26  _ADCC4_ISR                            
0     00081e1c  _ADCC_EVT_ISR                         
0     00081e12  _ADCD1_ISR                            
0     00081e08  _ADCD2_ISR                            
0     00081dfe  _ADCD3_ISR                            
0     00081df4  _ADCD4_ISR                            
0     00081dea  _ADCD_EVT_ISR                         
0     000848bf  _AIN_configure                        
0     000848a5  _AIN_getRegisterBase                  
0     0008489e  _AIN_init                             
0     0008488b  _AIN_resetChannelSetup                
0     00084882  _AIN_setDefaultAdcParams              
0     00084879  _AIN_setDefaultChannelParams          
0     0008482c  _AIN_setupChannel                     
0     0008482b  _AIN_sinit                            
0     00081de0  _AUX_PLL_SLIP_ISR                     
1     0005f4c0  _AccessProtectionRegs                 
0     00084a82  _AdcSetMode                           
1     00007400  _AdcaRegs                             
1     00000b00  _AdcaResultRegs                       
1     00007480  _AdcbRegs                             
1     00000b20  _AdcbResultRegs                       
1     00007500  _AdccRegs                             
1     00000b40  _AdccResultRegs                       
1     00007580  _AdcdRegs                             
1     00000b60  _AdcdResultRegs                       
1     0005d180  _AnalogSubsysRegs                     
0     00081dd6  _CANA0_ISR                            
0     00081dcc  _CANA1_ISR                            
0     00081dc2  _CANB0_ISR                            
0     00081db8  _CANB1_ISR                            
0     000841fb  _CANBUS_configure                     
0     000841f3  _CANBUS_disableMailbox                
0     000841cf  _CANBUS_getMessage                    
0     000841c8  _CANBUS_init                          
0     000841bd  _CANBUS_isBusOn                       
0     000841b2  _CANBUS_isErrorActive                 
0     00084179  _CANBUS_putMessage                    
0     0008415c  _CANBUS_readyForTx                    
0     00084152  _CANBUS_setBusOn                      
0     0008411e  _CANBUS_setupMailbox                  
0     0008411d  _CANBUS_sinit                         
0     00083cda  _CAN_clearInterruptStatus             
0     00083cc3  _CAN_clearMessage                     
0     00083cac  _CAN_initModule                       
0     00083c67  _CAN_readMessage                      
0     00083c19  _CAN_sendMessage                      
0     00083be0  _CAN_setBitRate                       
0     00083bab  _CAN_setBitTiming                     
0     00083af8  _CAN_setupMessageObject               
0     00083ab8  _CAN_transferMessage                  
0     000849a5  _CAP_configure                        
0     0008495d  _CAP_getNewValues                     
0     00084956  _CAP_init                             
0     00084940  _CAP_setDefaultParams                 
0     00081dae  _CLA1_1_ISR                           
0     00081da4  _CLA1_2_ISR                           
0     00081d9a  _CLA1_3_ISR                           
0     00081d90  _CLA1_4_ISR                           
0     00081d86  _CLA1_5_ISR                           
0     00081d7c  _CLA1_6_ISR                           
0     00081d72  _CLA1_7_ISR                           
0     00081d68  _CLA1_8_ISR                           
0     00081d5e  _CLA_OVERFLOW_ISR                     
0     00081d54  _CLA_UNDERFLOW_ISR                    
0     00084a4a  _CalAdcINL                            
1     00048000  _CanaRegs                             
1     0004a000  _CanbRegs                             
1     00001400  _Cla1Regs                             
0     00000ce0  _Cla1SoftIntRegs                      
1     0005d200  _ClkCfgRegs                           
1     00005c80  _Cmpss1Regs                           
1     00005ca0  _Cmpss2Regs                           
1     00005cc0  _Cmpss3Regs                           
1     00005ce0  _Cmpss4Regs                           
1     00005d00  _Cmpss5Regs                           
1     00005d20  _Cmpss6Regs                           
1     00005d40  _Cmpss7Regs                           
1     00005d60  _Cmpss8Regs                           
1     0005d300  _CpuSysRegs                           
1     00000c00  _CpuTimer0Regs                        
1     00000c08  _CpuTimer1Regs                        
1     00000c10  _CpuTimer2Regs                        
0     00084f45  _DAC_configure                        
0     00084f3e  _DAC_init                             
0     00084f32  _DAC_sinit                            
0     00081d4a  _DATALOG_ISR                          
0     00084bcf  _DIO_configureIn                      
0     00084bca  _DIO_configureOut                     
0     00084b62  _DIO_init                             
0     00084b5a  _DIO_obtainDummyRead                  
0     00084b57  _DIO_obtainDummyWrite                 
0     00084b2e  _DIO_sinit                            
0     00082786  _DISPR_configure                      
0     00082780  _DISPR_registerIdleTask               
0     00082730  _DISPR_registerTask                   
0     000823a2  _DISPR_reset                          
0     0008272a  _DISPR_setPowerupDelay                
0     000826f1  _DISPR_setTriggerByAdcViaPwm          
0     000826c4  _DISPR_setTriggerByAdcViaTimer        
0     00082664  _DISPR_setTriggerByPwm                
0     0008261f  _DISPR_setTriggerByTimer              
0     00082607  _DISPR_setupTimer                     
0     000825ef  _DISPR_sinit                          
0     0008245f  _DISPR_start                          
0     00082386  _DISPR_stop                           
0     00081d40  _DMA_CH1_ISR                          
0     00081d36  _DMA_CH2_ISR                          
0     00081d2c  _DMA_CH3_ISR                          
0     00081d22  _DMA_CH4_ISR                          
0     00081d18  _DMA_CH5_ISR                          
0     00081d0e  _DMA_CH6_ISR                          
1     00005c00  _DacaRegs                             
1     00005c10  _DacbRegs                             
1     00005c20  _DaccRegs                             
1     0005f070  _DcsmCommonRegs                       
1     0005f000  _DcsmZ1Regs                           
1     0005f040  _DcsmZ2Regs                           
1     0005d000  _DevCfgRegs                           
0     0008320f  _DevInit                              
0     00083180  _DisableDog                           
1     000086c0  _DisprHandle                          
1     000086c2  _DisprObj                             
1     00007980  _DmaClaSrcSelRegs                     
1     00001000  _DmaRegs                              
0     00081d04  _ECAP1_ISR                            
0     00081cfa  _ECAP2_ISR                            
0     00081cf0  _ECAP3_ISR                            
0     00081ce6  _ECAP4_ISR                            
0     00081cdc  _ECAP5_ISR                            
0     00081cd2  _ECAP6_ISR                            
1     00005000  _ECap1Regs                            
1     00005020  _ECap2Regs                            
1     00005040  _ECap3Regs                            
1     00005060  _ECap4Regs                            
1     00005080  _ECap5Regs                            
1     000050a0  _ECap6Regs                            
0     00081cc8  _EMIF_ERROR_ISR                       
0     00081cbb  _EMPTY_ISR                            
0     00081cb1  _EMU_ISR                              
0     00081ca7  _EPWM10_ISR                           
0     00081c9d  _EPWM10_TZ_ISR                        
0     00081c93  _EPWM11_ISR                           
0     00081c89  _EPWM11_TZ_ISR                        
0     00081c7f  _EPWM12_ISR                           
0     00081c75  _EPWM12_TZ_ISR                        
0     00081c6b  _EPWM1_ISR                            
0     00081c61  _EPWM1_TZ_ISR                         
0     00081c57  _EPWM2_ISR                            
0     00081c4d  _EPWM2_TZ_ISR                         
0     00081c43  _EPWM3_ISR                            
0     00081c39  _EPWM3_TZ_ISR                         
0     00081c2f  _EPWM4_ISR                            
0     00081c25  _EPWM4_TZ_ISR                         
0     00081c1b  _EPWM5_ISR                            
0     00081c11  _EPWM5_TZ_ISR                         
0     00081c07  _EPWM6_ISR                            
0     00081bfd  _EPWM6_TZ_ISR                         
0     00081bf3  _EPWM7_ISR                            
0     00081be9  _EPWM7_TZ_ISR                         
0     00081bdf  _EPWM8_ISR                            
0     00081bd5  _EPWM8_TZ_ISR                         
0     00081bcb  _EPWM9_ISR                            
0     00081bc1  _EPWM9_TZ_ISR                         
1     00004900  _EPwm10Regs                           
1     00004a00  _EPwm11Regs                           
1     00004b00  _EPwm12Regs                           
1     00004000  _EPwm1Regs                            
1     00004100  _EPwm2Regs                            
1     00004200  _EPwm3Regs                            
1     00004300  _EPwm4Regs                            
1     00004400  _EPwm5Regs                            
1     00004500  _EPwm6Regs                            
1     00004600  _EPwm7Regs                            
1     00004700  _EPwm8Regs                            
1     00004800  _EPwm9Regs                            
1     00007a00  _EPwmXbarRegs                         
0     00081bb7  _EQEP1_ISR                            
0     00081bad  _EQEP2_ISR                            
0     00081ba3  _EQEP3_ISR                            
1     00005100  _EQep1Regs                            
1     00005140  _EQep2Regs                            
1     00005180  _EQep3Regs                            
1     0005f480  _Emif1ConfigRegs                      
1     00047000  _Emif1Regs                            
1     0005f4a0  _Emif2ConfigRegs                      
1     00047800  _Emif2Regs                            
1     00000d00  _EmuBMode                             
1     00000d01  _EmuBootPins                          
0     0000017b  _F28x_usDelay                         
0     00081b99  _FLASH_CORRECTABLE_ERROR_ISR          
0     00081b8f  _FPU_OVERFLOW_ISR                     
0     00081b85  _FPU_UNDERFLOW_ISR                    
1     0005f800  _Flash0CtrlRegs                       
1     0005fb00  _Flash0EccRegs                        
1     0005fc00  _Flash1CtrlRegs                       
1     0005ff00  _Flash1EccRegs                        
1     00050024  _FlashPumpSemaphoreRegs               
0     00084f2a  _GDRV_assignPin                       
0     00084f29  _GDRV_assignSpiPort                   
0     00084f1a  _GDRV_disable                         
0     00084f0b  _GDRV_enable                          
0     00084f09  _GDRV_hasFaulted                      
0     00084efb  _GDRV_init                            
0     00084ef5  _GDRV_powerup                         
0     00084ef3  _GDRV_setup                           
1     00007c00  _GpioCtrlRegs                         
1     00007f00  _GpioDataRegs                         
1     00008400  _HAL_SObj                             
0     0008383e  _HAL_configure                        
0     00083837  _HAL_getDefaultAdcParams              
0     00083830  _HAL_getDefaultAinChannelParams       
0     0008382d  _HAL_getDefaultCanParams              
0     00083826  _HAL_getDefaultCapParams              
0     0008381f  _HAL_getDefaultPwmParams              
0     00083807  _HAL_getDefaultQepParams              
0     000837f9  _HAL_getDefaultSpiParams              
0     000837de  _HAL_setupAdc                         
0     00083799  _HAL_setupAnalogIn                    
0     000837b2  _HAL_setupAnalogInF                   
0     0008377b  _HAL_setupCan                         
0     0008376c  _HAL_setupCap                         
0     00083723  _HAL_setupDac                         
0     00083711  _HAL_setupDigitalIn                   
0     000836fd  _HAL_setupDigitalOut                  
0     000836e6  _HAL_setupMailbox                     
0     000836c6  _HAL_setupPwm                         
0     000836c3  _HAL_setupPwmSyncSelect               
0     0008366d  _HAL_setupPwrTzGpio                   
0     0008365e  _HAL_setupQep                         
0     00083639  _HAL_setupSpi                         
0     00083577  _HAL_sinit                            
0     00081b7b  _I2CA_FIFO_ISR                        
0     00081b71  _I2CA_ISR                             
0     00081b67  _I2CB_FIFO_ISR                        
0     00081b5d  _I2CB_ISR                             
1     00007300  _I2caRegs                             
1     00007340  _I2cbRegs                             
0     00081b53  _ILLEGAL_ISR                          
0     00081b49  _IPC0_ISR                             
0     00081b3f  _IPC1_ISR                             
0     00081b35  _IPC2_ISR                             
0     00081b2b  _IPC3_ISR                             
0     00084fe0  _ISR_ILLEGAL                          
0     0008313e  _InitFlashHz                          
0     00000124  _InitFlash_Bank_Hz                    
0     00082f66  _InitSysPll                           
1     00007900  _InputXbarRegs                        
0     00082ce3  _LaunchPad_0_fsm_output               
0     00082baf  _LaunchPad_0_fsm_start                
1     00008640  _LaunchPad_B                          
1     0000861a  _LaunchPad_X                          
0     00080d33  _LaunchPad_background                 
0     0008512e  _LaunchPad_checksum                   
1     00008606  _LaunchPad_errorStatus                
0     0008099a  _LaunchPad_initialize                 
0     0008512c  _LaunchPad_sampleTime                 
0     00080004  _LaunchPad_step                       
0     00080999  _LaunchPad_terminate                  
0     00081b21  _MCBSPA_RX_ISR                        
0     00081b17  _MCBSPA_TX_ISR                        
0     00081b0d  _MCBSPB_RX_ISR                        
0     00081b03  _MCBSPB_TX_ISR                        
1     00006000  _McbspaRegs                           
1     00006040  _McbspbRegs                           
1     0005f400  _MemCfgRegs                           
0     00082f5c  _MemCopy                              
1     0005f500  _MemoryErrorRegs                      
0     00081af9  _NMI_ISR                              
0     00081aef  _NOTUSED_ISR                          
1     00007060  _NmiIntruptRegs                       
1     00007a80  _OutputXbarRegs                       
0     00081ae5  _PIE_RESERVED_ISR                     
0     00083cf5  _PIL_BSRVS_init                       
0     00083d79  _PIL_BSRVS_messageHandler             
0     00083d0d  _PIL_BSRVS_setWriteInterlockHandler   
0     00000000  _PIL_C_ProcessorPartNumber            
0     000850bc  _PIL_D_CompiledBy                     
0     000850d6  _PIL_D_CompiledDate                   
0     000850c8  _PIL_D_FirmwareDescription            
0     000850b2  _PIL_D_FrameworkVersion               
0     000850b4  _PIL_D_Guid                           
0     000850b3  _PIL_D_StationAddress                 
0     00084ff3  _PIL_DisableInt                       
0     00084443  _PIL_PBRIDGE_configure                
0     00084437  _PIL_PBRIDGE_init                     
0     00084595  _PIL_PBRIDGE_poll                     
0     0008444c  _PIL_PBRIDGE_setProtocol              
0     00080d8e  _PIL_PROBES_getActualPilMode          
0     00080da3  _PIL_PROBES_getActualPilStep          
0     00080d95  _PIL_PROBES_getDesiredPilMode         
0     00080dad  _PIL_PROBES_getDesiredPilStep         
0     00080d9c  _PIL_PROBES_getPreviousPilMode        
0     00080d3f  _PIL_PROBES_init                      
0     00080ee5  _PIL_PROBES_messageHandler            
0     00080d6c  _PIL_PROBES_setActualPilMode          
0     00080d82  _PIL_PROBES_setActualPilStep          
0     00080d79  _PIL_PROBES_setDesiredPilMode         
0     00083f96  _PIL_RA_init                          
0     000840d0  _PIL_RA_pollLinkReq                   
0     0008407c  _PIL_RA_pollLinkRsp                   
0     00084035  _PIL_RA_registerService               
0     000827b8  _PIL_RA_serialIn                      
0     0008405d  _PIL_RA_serialIn_p                    
0     000827c8  _PIL_RA_serialOut                     
0     0008406d  _PIL_RA_serialOut_p                   
0     0008400f  _PIL_RA_setChecksum                   
0     00083ff5  _PIL_RA_setGuid                       
0     00084029  _PIL_RA_setNodeAddress                
0     00084d3c  _PIL_RBUF_isEmpty                     
0     00084d73  _PIL_RBUF_pop                         
0     00084d4a  _PIL_RBUF_push                        
0     00084d31  _PIL_RBUF_reset                       
0     00084ff7  _PIL_RestoreInt                       
0     00081ed8  _PIL_SCOPE_init                       
0     0008215d  _PIL_SCOPE_messageHandler             
0     000827d7  _PIL_SCOPE_sample                     
0     00081fc0  _PIL_SCOPE_sample_p                   
0     00081ef3  _PIL_SCOPE_setBuffer                  
0     000827e5  _PIL_SCOPE_trigger                    
0     00082061  _PIL_SCOPE_trigger_p                  
0     00085114  _PIL_SLINK_crc16Lookup                
0     0008327b  _PIL_SLINK_in                         
0     00083253  _PIL_SLINK_init                       
0     00083288  _PIL_SLINK_out                        
0     000832c3  _PIL_SLINK_outBufIsEmpty              
0     0008345a  _PIL_SLINK_receive                    
0     0008343a  _PIL_SLINK_send                       
0     00085088  _PIL_V_DisprObj_cntdownTimestamp1     
0     0008508e  _PIL_V_DisprObj_cntdownTimestamp2     
0     000850a0  _PIL_V_DisprObj_cpuLoadInPercent      
0     0008506a  _PIL_V_DisprObj_ctrlPeriod            
0     000850ac  _PIL_V_DisprObj_pwmTBPRDWc            
0     00085094  _PIL_V_DisprObj_task1Margin           
0     0008509a  _PIL_V_DisprObj_task1WorstCaseMargin  
0     00085070  _PIL_V_DisprObj_task2DispatchPeriod   
0     00085076  _PIL_V_DisprObj_thisCntdownTimestamp0 
0     0008507c  _PIL_V_DisprObj_thisCntdownTimestamp1 
0     00085082  _PIL_V_DisprObj_thisCntdownTimestamp2 
0     000850a6  _PIL_V_DisprObj_variablePeriodDetected
0     000828d6  _PIL_allowPilSimulation               
0     00082a2d  _PIL_backgroundCall                   
0     00082975  _PIL_beginInterruptCall               
0     00082879  _PIL_configureParallelCom             
0     00082901  _PIL_inhibitPilSimulation             
0     00082ae9  _PIL_init                             
0     0008292c  _PIL_requestNormalMode                
0     00082945  _PIL_requestReadyMode                 
0     000828bf  _PIL_setAndConfigScopeBuffer          
0     000828b1  _PIL_setBackgroundCommCallback        
0     00082818  _PIL_setChecksum                      
0     000828a3  _PIL_setCtrlCallback                  
0     000827f3  _PIL_setGuid                          
0     00082893  _PIL_setNodeAddress                   
0     00082860  _PIL_setSerialComCallback             
0     00082acd  _PIL_setWriteInterlockHandler         
0     0008295e  _PIL_simulationActive                 
0     000815a8  _PWM_configure                        
0     00081515  _PWM_configureSyncSel                 
0     000814d4  _PWM_getRegisterBase                  
0     000814cd  _PWM_init                             
0     00081493  _PWM_scalePeriod                      
0     00081443  _PWM_setDefaultParams                 
0     000813df  _PWM_setPhase                         
0     0008135b  _PWM_sinit                            
1     000085e0  _PWR_SHandle                          
1     000085e2  _PWR_SObj                             
0     00084814  _PWR_background                       
0     00084800  _PWR_configure                        
0     000847e9  _PWR_enable                           
0     0008477a  _PWR_fsm                              
0     00084731  _PWR_isEnabled                        
0     00084723  _PWR_isReadyForEnable                 
0     00084712  _PWR_registerPwmChannel               
0     00084709  _PWR_setPilMode                       
0     00084703  _PWR_sinit                            
0     000846fe  _PWR_unregisterAllPwmChannels         
1     00000ce0  _PieCtrlRegs                          
1     00000d00  _PieVectTable                         
1     00008000  _PilHandle                            
1     00008040  _PilObj                               
0     00083867  _QEP_configure                        
0     00083860  _QEP_init                             
0     00083841  _QEP_setDefaultParams                 
0     00081adb  _RAM_ACCESS_VIOLATION_ISR             
0     00081ad1  _RAM_CORRECTABLE_ERROR_ISR            
0     00081ac7  _RTOS_ISR                             
abs   000851f7  _RamfuncsLoadEnd                      
abs   0000005f  _RamfuncsLoadSize                     
abs   00085198  _RamfuncsLoadStart                    
abs   00000183  _RamfuncsRunEnd                       
abs   0000005f  _RamfuncsRunSize                      
abs   00000124  _RamfuncsRunStart                     
0     00082f52  _ReleaseFlashPump                     
1     0005e608  _RomPrefetchRegs                      
1     0005f540  _RomWaitStateRegs                     
0     00081abd  _SCIA_RX_ISR                          
0     00081ab3  _SCIA_TX_ISR                          
0     00081aa9  _SCIB_RX_ISR                          
0     00081a9f  _SCIB_TX_ISR                          
0     00081a95  _SCIC_RX_ISR                          
0     00081a8b  _SCIC_TX_ISR                          
0     00081a81  _SCID_RX_ISR                          
0     00081a77  _SCID_TX_ISR                          
0     00081a6d  _SD1_ISR                              
0     00081a63  _SD2_ISR                              
0     00081a59  _SPIA_RX_ISR                          
0     00081a4f  _SPIA_TX_ISR                          
0     00081a45  _SPIB_RX_ISR                          
0     00081a3b  _SPIB_TX_ISR                          
0     00081a31  _SPIC_RX_ISR                          
0     00081a27  _SPIC_TX_ISR                          
0     00084434  _SPI_configure                        
0     0008442d  _SPI_init                             
0     00084401  _SPI_putGetWords                      
0     000842ab  _SPI_setupPort                        
0     00081a1d  _SYS_PLL_SLIP_ISR                     
1     00007200  _SciaRegs                             
1     00007210  _ScibRegs                             
1     00007220  _ScicRegs                             
1     00007230  _ScidRegs                             
1     00005e00  _Sdfm1Regs                            
1     00005e80  _Sdfm2Regs                            
0     00082f43  _SeizeFlashPump_Bank0                 
0     00082f34  _SeizeFlashPump_Bank1                 
0     00082f26  _ServiceDog                           
1     00006100  _SpiaRegs                             
1     00006110  _SpibRegs                             
1     00006120  _SpicRegs                             
1     00007940  _SyncSocRegs                          
0     0000017f  _SysCtl_delay                         
0     00081a13  _TIMER0_ISR                           
0     00081a09  _TIMER1_ISR                           
0     000819ff  _TIMER2_ISR                           
0     00084cca  _TaskB                                
1     00008740  _Tasks                                
0     000819f5  _UPPA_ISR                             
0     000819eb  _USBA_ISR                             
0     000819e1  _USER10_ISR                           
0     000819d7  _USER11_ISR                           
0     000819cd  _USER12_ISR                           
0     000819c3  _USER1_ISR                            
0     000819b9  _USER2_ISR                            
0     000819af  _USER3_ISR                            
0     000819a5  _USER4_ISR                            
0     0008199b  _USER5_ISR                            
0     00081991  _USER6_ISR                            
0     00081987  _USER7_ISR                            
0     0008197d  _USER8_ISR                            
0     00081973  _USER9_ISR                            
1     00006200  _UppRegs                              
0     00081969  _VCU_ISR                              
0     0008195f  _WAKE_ISR                             
1     00007000  _WdRegs                               
0     00081955  _XINT1_ISR                            
0     0008194b  _XINT2_ISR                            
0     00081941  _XINT3_ISR                            
0     00081937  _XINT4_ISR                            
0     0008192d  _XINT5_ISR                            
1     00007920  _XbarRegs                             
1     00007070  _XintRegs                             
1     00000700  __STACK_END                           
abs   00000300  __STACK_SIZE                          
1     000083fc  ___TI_cleanup_ptr                     
1     000083fe  ___TI_dtors_ptr                       
1     000083fa  ___TI_enable_exit_profile_output      
abs   ffffffff  ___TI_pprof_out_hndl                  
abs   ffffffff  ___TI_prof_data_size                  
abs   ffffffff  ___TI_prof_data_start                 
abs   ffffffff  ___binit__                            
abs   ffffffff  ___c_args__                           
0     00085134  ___cinit__                            
0     00084ffd  ___etext__                            
abs   ffffffff  ___pinit__                            
0     00080004  ___text__                             
0     00084fce  __args_main                           
1     000086fa  __lock                                
0     00084ff2  __nop                                 
0     00084fee  __register_lock                       
0     00084fea  __register_unlock                     
1     00000400  __stack                               
0     00084ffc  __system_post_cinit                   
0     00084ffa  __system_pre_init                     
1     000086fc  __unlock                              
0     00084f64  _abort                                
0     00084e9d  _c_int00                              
0     00084e45  _ceil                                 
0     00084e45  _ceilf                                
0     00084f8d  _copy_in                              
0     00084cce  _cos                                  
0     00084cce  _cosf                                 
0     00084f66  _exit                                 
0     00084d93  _floor                                
0     00084d93  _floorf                               
0     00084c5c  _main                                 
0     00084fb1  _memcpy                               
0     00084dec  _sin                                  
0     00084dec  _sinf                                 
abs   ffffffff  binit                                 
0     00085134  cinit                                 
0     00080000  code_start                            
0     00084ffd  etext                                 
abs   ffffffff  pinit                                 


GLOBAL SYMBOLS: SORTED BY Symbol Address 

page  address   name                                  
----  -------   ----                                  
0     00000000  _PIL_C_ProcessorPartNumber            
0     00000124  _InitFlash_Bank_Hz                    
0     0000017b  _F28x_usDelay                         
0     0000017f  _SysCtl_delay                         
0     00000ce0  _Cla1SoftIntRegs                      
0     00080000  code_start                            
0     00080004  .text                                 
0     00080004  _LaunchPad_step                       
0     00080004  ___text__                             
0     00080999  _LaunchPad_terminate                  
0     0008099a  _LaunchPad_initialize                 
0     00080d33  _LaunchPad_background                 
0     00080d3f  _PIL_PROBES_init                      
0     00080d6c  _PIL_PROBES_setActualPilMode          
0     00080d79  _PIL_PROBES_setDesiredPilMode         
0     00080d82  _PIL_PROBES_setActualPilStep          
0     00080d8e  _PIL_PROBES_getActualPilMode          
0     00080d95  _PIL_PROBES_getDesiredPilMode         
0     00080d9c  _PIL_PROBES_getPreviousPilMode        
0     00080da3  _PIL_PROBES_getActualPilStep          
0     00080dad  _PIL_PROBES_getDesiredPilStep         
0     00080ee5  _PIL_PROBES_messageHandler            
0     0008135b  _PWM_sinit                            
0     000813df  _PWM_setPhase                         
0     00081443  _PWM_setDefaultParams                 
0     00081493  _PWM_scalePeriod                      
0     000814cd  _PWM_init                             
0     000814d4  _PWM_getRegisterBase                  
0     00081515  _PWM_configureSyncSel                 
0     000815a8  _PWM_configure                        
0     0008192d  _XINT5_ISR                            
0     00081937  _XINT4_ISR                            
0     00081941  _XINT3_ISR                            
0     0008194b  _XINT2_ISR                            
0     00081955  _XINT1_ISR                            
0     0008195f  _WAKE_ISR                             
0     00081969  _VCU_ISR                              
0     00081973  _USER9_ISR                            
0     0008197d  _USER8_ISR                            
0     00081987  _USER7_ISR                            
0     00081991  _USER6_ISR                            
0     0008199b  _USER5_ISR                            
0     000819a5  _USER4_ISR                            
0     000819af  _USER3_ISR                            
0     000819b9  _USER2_ISR                            
0     000819c3  _USER1_ISR                            
0     000819cd  _USER12_ISR                           
0     000819d7  _USER11_ISR                           
0     000819e1  _USER10_ISR                           
0     000819eb  _USBA_ISR                             
0     000819f5  _UPPA_ISR                             
0     000819ff  _TIMER2_ISR                           
0     00081a09  _TIMER1_ISR                           
0     00081a13  _TIMER0_ISR                           
0     00081a1d  _SYS_PLL_SLIP_ISR                     
0     00081a27  _SPIC_TX_ISR                          
0     00081a31  _SPIC_RX_ISR                          
0     00081a3b  _SPIB_TX_ISR                          
0     00081a45  _SPIB_RX_ISR                          
0     00081a4f  _SPIA_TX_ISR                          
0     00081a59  _SPIA_RX_ISR                          
0     00081a63  _SD2_ISR                              
0     00081a6d  _SD1_ISR                              
0     00081a77  _SCID_TX_ISR                          
0     00081a81  _SCID_RX_ISR                          
0     00081a8b  _SCIC_TX_ISR                          
0     00081a95  _SCIC_RX_ISR                          
0     00081a9f  _SCIB_TX_ISR                          
0     00081aa9  _SCIB_RX_ISR                          
0     00081ab3  _SCIA_TX_ISR                          
0     00081abd  _SCIA_RX_ISR                          
0     00081ac7  _RTOS_ISR                             
0     00081ad1  _RAM_CORRECTABLE_ERROR_ISR            
0     00081adb  _RAM_ACCESS_VIOLATION_ISR             
0     00081ae5  _PIE_RESERVED_ISR                     
0     00081aef  _NOTUSED_ISR                          
0     00081af9  _NMI_ISR                              
0     00081b03  _MCBSPB_TX_ISR                        
0     00081b0d  _MCBSPB_RX_ISR                        
0     00081b17  _MCBSPA_TX_ISR                        
0     00081b21  _MCBSPA_RX_ISR                        
0     00081b2b  _IPC3_ISR                             
0     00081b35  _IPC2_ISR                             
0     00081b3f  _IPC1_ISR                             
0     00081b49  _IPC0_ISR                             
0     00081b53  _ILLEGAL_ISR                          
0     00081b5d  _I2CB_ISR                             
0     00081b67  _I2CB_FIFO_ISR                        
0     00081b71  _I2CA_ISR                             
0     00081b7b  _I2CA_FIFO_ISR                        
0     00081b85  _FPU_UNDERFLOW_ISR                    
0     00081b8f  _FPU_OVERFLOW_ISR                     
0     00081b99  _FLASH_CORRECTABLE_ERROR_ISR          
0     00081ba3  _EQEP3_ISR                            
0     00081bad  _EQEP2_ISR                            
0     00081bb7  _EQEP1_ISR                            
0     00081bc1  _EPWM9_TZ_ISR                         
0     00081bcb  _EPWM9_ISR                            
0     00081bd5  _EPWM8_TZ_ISR                         
0     00081bdf  _EPWM8_ISR                            
0     00081be9  _EPWM7_TZ_ISR                         
0     00081bf3  _EPWM7_ISR                            
0     00081bfd  _EPWM6_TZ_ISR                         
0     00081c07  _EPWM6_ISR                            
0     00081c11  _EPWM5_TZ_ISR                         
0     00081c1b  _EPWM5_ISR                            
0     00081c25  _EPWM4_TZ_ISR                         
0     00081c2f  _EPWM4_ISR                            
0     00081c39  _EPWM3_TZ_ISR                         
0     00081c43  _EPWM3_ISR                            
0     00081c4d  _EPWM2_TZ_ISR                         
0     00081c57  _EPWM2_ISR                            
0     00081c61  _EPWM1_TZ_ISR                         
0     00081c6b  _EPWM1_ISR                            
0     00081c75  _EPWM12_TZ_ISR                        
0     00081c7f  _EPWM12_ISR                           
0     00081c89  _EPWM11_TZ_ISR                        
0     00081c93  _EPWM11_ISR                           
0     00081c9d  _EPWM10_TZ_ISR                        
0     00081ca7  _EPWM10_ISR                           
0     00081cb1  _EMU_ISR                              
0     00081cbb  _EMPTY_ISR                            
0     00081cc8  _EMIF_ERROR_ISR                       
0     00081cd2  _ECAP6_ISR                            
0     00081cdc  _ECAP5_ISR                            
0     00081ce6  _ECAP4_ISR                            
0     00081cf0  _ECAP3_ISR                            
0     00081cfa  _ECAP2_ISR                            
0     00081d04  _ECAP1_ISR                            
0     00081d0e  _DMA_CH6_ISR                          
0     00081d18  _DMA_CH5_ISR                          
0     00081d22  _DMA_CH4_ISR                          
[...]
0     00081e1c  _ADCC_EVT_ISR                         
0     00081e26  _ADCC4_ISR                            
0     00081e30  _ADCC3_ISR                            
0     00081e3a  _ADCC2_ISR                            
0     00081e44  _ADCC1_ISR                            
0     00081e4e  _ADCB_EVT_ISR                         
0     00081e58  _ADCB4_ISR                            
0     00081e62  _ADCB3_ISR                            
0     00081e6c  _ADCB2_ISR                            
0     00081e76  _ADCB1_ISR                            
0     00081e80  _ADCA_EVT_ISR                         
0     00081e8a  _ADCA4_ISR                            
0     00081e94  _ADCA3_ISR                            
0     00081e9e  _ADCA2_ISR                            
0     00081ea8  _ADCA1_ISR                            
0     00081ed8  _PIL_SCOPE_init                       
0     00081ef3  _PIL_SCOPE_setBuffer                  
0     00081fc0  _PIL_SCOPE_sample_p                   
0     00082061  _PIL_SCOPE_trigger_p                  
0     0008215d  _PIL_SCOPE_messageHandler             
0     00082386  _DISPR_stop                           
0     000823a2  _DISPR_reset                          
0     0008245f  _DISPR_start                          
0     000825ef  _DISPR_sinit                          
0     00082607  _DISPR_setupTimer                     
0     0008261f  _DISPR_setTriggerByTimer              
0     00082664  _DISPR_setTriggerByPwm                
0     000826c4  _DISPR_setTriggerByAdcViaTimer        
0     000826f1  _DISPR_setTriggerByAdcViaPwm          
0     0008272a  _DISPR_setPowerupDelay                
0     00082730  _DISPR_registerTask                   
0     00082780  _DISPR_registerIdleTask               
0     00082786  _DISPR_configure                      
0     000827b8  _PIL_RA_serialIn                      
0     000827c8  _PIL_RA_serialOut                     
0     000827d7  _PIL_SCOPE_sample                     
0     000827e5  _PIL_SCOPE_trigger                    
0     000827f3  _PIL_setGuid                          
0     00082818  _PIL_setChecksum                      
0     00082860  _PIL_setSerialComCallback             
0     00082879  _PIL_configureParallelCom             
0     00082893  _PIL_setNodeAddress                   
0     000828a3  _PIL_setCtrlCallback                  
0     000828b1  _PIL_setBackgroundCommCallback        
0     000828bf  _PIL_setAndConfigScopeBuffer          
0     000828d6  _PIL_allowPilSimulation               
0     00082901  _PIL_inhibitPilSimulation             
0     0008292c  _PIL_requestNormalMode                
0     00082945  _PIL_requestReadyMode                 
0     0008295e  _PIL_simulationActive                 
0     00082975  _PIL_beginInterruptCall               
0     00082a2d  _PIL_backgroundCall                   
0     00082acd  _PIL_setWriteInterlockHandler         
0     00082ae9  _PIL_init                             
0     00082baf  _LaunchPad_0_fsm_start                
0     00082ce3  _LaunchPad_0_fsm_output               
0     00082f26  _ServiceDog                           
0     00082f34  _SeizeFlashPump_Bank1                 
0     00082f43  _SeizeFlashPump_Bank0                 
0     00082f52  _ReleaseFlashPump                     
0     00082f5c  _MemCopy                              
0     00082f66  _InitSysPll                           
0     0008313e  _InitFlashHz                          
0     00083180  _DisableDog                           
0     0008320f  _DevInit                              
0     00083253  _PIL_SLINK_init                       
0     0008327b  _PIL_SLINK_in                         
0     00083288  _PIL_SLINK_out                        
0     000832c3  _PIL_SLINK_outBufIsEmpty              
0     0008343a  _PIL_SLINK_send                       
0     0008345a  _PIL_SLINK_receive                    
0     00083577  _HAL_sinit                            
0     00083639  _HAL_setupSpi                         
0     0008365e  _HAL_setupQep                         
0     0008366d  _HAL_setupPwrTzGpio                   
0     000836c3  _HAL_setupPwmSyncSelect               
0     000836c6  _HAL_setupPwm                         
0     000836e6  _HAL_setupMailbox                     
0     000836fd  _HAL_setupDigitalOut                  
0     00083711  _HAL_setupDigitalIn                   
0     00083723  _HAL_setupDac                         
0     0008376c  _HAL_setupCap                         
0     0008377b  _HAL_setupCan                         
0     00083799  _HAL_setupAnalogIn                    
0     000837b2  _HAL_setupAnalogInF                   
0     000837de  _HAL_setupAdc                         
0     000837f9  _HAL_getDefaultSpiParams              
0     00083807  _HAL_getDefaultQepParams              
0     0008381f  _HAL_getDefaultPwmParams              
0     00083826  _HAL_getDefaultCapParams              
0     0008382d  _HAL_getDefaultCanParams              
0     00083830  _HAL_getDefaultAinChannelParams       
0     00083837  _HAL_getDefaultAdcParams              
0     0008383e  _HAL_configure                        
0     00083841  _QEP_setDefaultParams                 
0     00083860  _QEP_init                             
0     00083867  _QEP_configure                        
0     00083ab8  _CAN_transferMessage                  
0     00083af8  _CAN_setupMessageObject               
0     00083bab  _CAN_setBitTiming                     
0     00083be0  _CAN_setBitRate                       
0     00083c19  _CAN_sendMessage                      
0     00083c67  _CAN_readMessage                      
0     00083cac  _CAN_initModule                       
0     00083cc3  _CAN_clearMessage                     
0     00083cda  _CAN_clearInterruptStatus             
0     00083cf5  _PIL_BSRVS_init                       
0     00083d0d  _PIL_BSRVS_setWriteInterlockHandler   
0     00083d79  _PIL_BSRVS_messageHandler             
0     00083f96  _PIL_RA_init                          
0     00083ff5  _PIL_RA_setGuid                       
0     0008400f  _PIL_RA_setChecksum                   
0     00084029  _PIL_RA_setNodeAddress                
0     00084035  _PIL_RA_registerService               
0     0008405d  _PIL_RA_serialIn_p                    
0     0008406d  _PIL_RA_serialOut_p                   
0     0008407c  _PIL_RA_pollLinkRsp                   
0     000840d0  _PIL_RA_pollLinkReq                   
0     0008411d  _CANBUS_sinit                         
0     0008411e  _CANBUS_setupMailbox                  
0     00084152  _CANBUS_setBusOn                      
0     0008415c  _CANBUS_readyForTx                    
0     00084179  _CANBUS_putMessage                    
0     000841b2  _CANBUS_isErrorActive                 
0     000841bd  _CANBUS_isBusOn                       
0     000841c8  _CANBUS_init                          
0     000841cf  _CANBUS_getMessage                    
0     000841f3  _CANBUS_disableMailbox                
0     000841fb  _CANBUS_configure                     
0     000842ab  _SPI_setupPort                        
0     00084401  _SPI_putGetWords                      
0     0008442d  _SPI_init                             
0     00084434  _SPI_configure                        
0     00084437  _PIL_PBRIDGE_init                     
0     00084443  _PIL_PBRIDGE_configure                
0     0008444c  _PIL_PBRIDGE_setProtocol              
0     00084595  _PIL_PBRIDGE_poll                     
0     000846fe  _PWR_unregisterAllPwmChannels         
0     00084703  _PWR_sinit                            
0     00084709  _PWR_setPilMode                       
0     00084712  _PWR_registerPwmChannel               
0     00084723  _PWR_isReadyForEnable                 
0     00084731  _PWR_isEnabled                        
0     0008477a  _PWR_fsm                              
0     000847e9  _PWR_enable                           
0     00084800  _PWR_configure                        
0     00084814  _PWR_background                       
0     0008482b  _AIN_sinit                            
0     0008482c  _AIN_setupChannel                     
0     00084879  _AIN_setDefaultChannelParams          
0     00084882  _AIN_setDefaultAdcParams              
0     0008488b  _AIN_resetChannelSetup                
0     0008489e  _AIN_init                             
0     000848a5  _AIN_getRegisterBase                  
0     000848bf  _AIN_configure                        
0     00084940  _CAP_setDefaultParams                 
0     00084956  _CAP_init                             
0     0008495d  _CAP_getNewValues                     
0     000849a5  _CAP_configure                        
0     00084a4a  _CalAdcINL                            
0     00084a82  _AdcSetMode                           
0     00084b2e  _DIO_sinit                            
0     00084b57  _DIO_obtainDummyWrite                 
0     00084b5a  _DIO_obtainDummyRead                  
0     00084b62  _DIO_init                             
0     00084bca  _DIO_configureOut                     
0     00084bcf  _DIO_configureIn                      
0     00084bd4  FS$$DIV                               
0     00084c5c  _main                                 
0     00084cca  _TaskB                                
0     00084cce  _cos                                  
0     00084cce  _cosf                                 
0     00084d31  _PIL_RBUF_reset                       
0     00084d3c  _PIL_RBUF_isEmpty                     
0     00084d4a  _PIL_RBUF_push                        
0     00084d73  _PIL_RBUF_pop                         
0     00084d93  _floor                                
0     00084d93  _floorf                               
0     00084dec  _sin                                  
0     00084dec  _sinf                                 
0     00084e45  _ceil                                 
0     00084e45  _ceilf                                
0     00084e9d  _c_int00                              
0     00084ef3  _GDRV_setup                           
0     00084ef5  _GDRV_powerup                         
0     00084efb  _GDRV_init                            
0     00084f09  _GDRV_hasFaulted                      
0     00084f0b  _GDRV_enable                          
0     00084f1a  _GDRV_disable                         
0     00084f29  _GDRV_assignSpiPort                   
0     00084f2a  _GDRV_assignPin                       
0     00084f32  _DAC_sinit                            
0     00084f3e  _DAC_init                             
0     00084f45  _DAC_configure                        
0     00084f64  C$$EXIT                               
0     00084f64  _abort                                
0     00084f66  _exit                                 
0     00084f8d  _copy_in                              
0     00084fb1  _memcpy                               
0     00084fce  __args_main                           
0     00084fe0  _ISR_ILLEGAL                          
0     00084fea  __register_unlock                     
0     00084fee  __register_lock                       
0     00084ff2  __nop                                 
0     00084ff3  _PIL_DisableInt                       
0     00084ff7  _PIL_RestoreInt                       
0     00084ffa  __system_pre_init                     
0     00084ffc  __system_post_cinit                   
0     00084ffd  ___etext__                            
0     00084ffd  etext                                 
0     0008506a  _PIL_V_DisprObj_ctrlPeriod            
0     00085070  _PIL_V_DisprObj_task2DispatchPeriod   
0     00085076  _PIL_V_DisprObj_thisCntdownTimestamp0 
0     0008507c  _PIL_V_DisprObj_thisCntdownTimestamp1 
0     00085082  _PIL_V_DisprObj_thisCntdownTimestamp2 
0     00085088  _PIL_V_DisprObj_cntdownTimestamp1     
0     0008508e  _PIL_V_DisprObj_cntdownTimestamp2     
0     00085094  _PIL_V_DisprObj_task1Margin           
0     0008509a  _PIL_V_DisprObj_task1WorstCaseMargin  
0     000850a0  _PIL_V_DisprObj_cpuLoadInPercent      
0     000850a6  _PIL_V_DisprObj_variablePeriodDetected
0     000850ac  _PIL_V_DisprObj_pwmTBPRDWc            
0     000850b2  _PIL_D_FrameworkVersion               
0     000850b3  _PIL_D_StationAddress                 
0     000850b4  _PIL_D_Guid                           
0     000850bc  _PIL_D_CompiledBy                     
0     000850c8  _PIL_D_FirmwareDescription            
0     000850d6  _PIL_D_CompiledDate                   
0     00085114  _PIL_SLINK_crc16Lookup                
0     0008512c  _LaunchPad_sampleTime                 
0     0008512e  _LaunchPad_checksum                   
0     00085134  ___cinit__                            
0     00085134  cinit                                 
1     00000400  __stack                               
1     00000700  __STACK_END                           
1     00000b00  _AdcaResultRegs                       
1     00000b20  _AdcbResultRegs                       
1     00000b40  _AdccResultRegs                       
1     00000b60  _AdcdResultRegs                       
1     00000c00  _CpuTimer0Regs                        
1     00000c08  _CpuTimer1Regs                        
1     00000c10  _CpuTimer2Regs                        
1     00000ce0  _PieCtrlRegs                          
1     00000d00  _EmuBMode                             
1     00000d00  _PieVectTable                         
1     00000d01  _EmuBootPins                          
1     00001000  _DmaRegs                              
1     00001400  _Cla1Regs                             
1     00004000  _EPwm1Regs                            
1     00004100  _EPwm2Regs                            
1     00004200  _EPwm3Regs                            
1     00004300  _EPwm4Regs                            
1     00004400  _EPwm5Regs                            
1     00004500  _EPwm6Regs                            
1     00004600  _EPwm7Regs                            
1     00004700  _EPwm8Regs                            
1     00004800  _EPwm9Regs                            
1     00004900  _EPwm10Regs                           
1     00004a00  _EPwm11Regs                           
1     00004b00  _EPwm12Regs                           
1     00005000  _ECap1Regs                            
1     00005020  _ECap2Regs                            
1     00005040  _ECap3Regs                            
1     00005060  _ECap4Regs                            
1     00005080  _ECap5Regs                            
1     000050a0  _ECap6Regs                            
1     00005100  _EQep1Regs                            
1     00005140  _EQep2Regs                            
1     00005180  _EQep3Regs                            
1     00005c00  _DacaRegs                             
1     00005c10  _DacbRegs                             
1     00005c20  _DaccRegs                             
1     00005c80  _Cmpss1Regs                           
1     00005ca0  _Cmpss2Regs                           
1     00005cc0  _Cmpss3Regs                           
1     00005ce0  _Cmpss4Regs                           
1     00005d00  _Cmpss5Regs                           
1     00005d20  _Cmpss6Regs                           
1     00005d40  _Cmpss7Regs                           
1     00005d60  _Cmpss8Regs                           
1     00005e00  _Sdfm1Regs                            
1     00005e80  _Sdfm2Regs                            
1     00006000  _McbspaRegs                           
1     00006040  _McbspbRegs                           
1     00006100  _SpiaRegs                             
1     00006110  _SpibRegs                             
1     00006120  _SpicRegs                             
1     00006200  _UppRegs                              
1     00007000  _WdRegs                               
1     00007060  _NmiIntruptRegs                       
1     00007070  _XintRegs                             
1     00007200  _SciaRegs                             
1     00007210  _ScibRegs                             
1     00007220  _ScicRegs                             
1     00007230  _ScidRegs                             
1     00007300  _I2caRegs                             
1     00007340  _I2cbRegs                             
1     00007400  _AdcaRegs                             
1     00007480  _AdcbRegs                             
1     00007500  _AdccRegs                             
1     00007580  _AdcdRegs                             
1     00007900  _InputXbarRegs                        
1     00007920  _XbarRegs                             
1     00007940  _SyncSocRegs                          
1     00007980  _DmaClaSrcSelRegs                     
1     00007a00  _EPwmXbarRegs                         
1     00007a80  _OutputXbarRegs                       
1     00007c00  _GpioCtrlRegs                         
1     00007f00  _GpioDataRegs                         
1     00008000  _PilHandle                            
1     00008040  _PilObj                               
1     000083fa  ___TI_enable_exit_profile_output      
1     000083fc  ___TI_cleanup_ptr                     
1     000083fe  ___TI_dtors_ptr                       
1     00008400  _HAL_SObj                             
1     000085e0  _PWR_SHandle                          
1     000085e2  _PWR_SObj                             
1     00008606  _LaunchPad_errorStatus                
1     0000861a  _LaunchPad_X                          
1     00008640  _LaunchPad_B                          
1     000086c0  _DisprHandle                          
1     000086c2  _DisprObj                             
1     000086fa  __lock                                
1     000086fc  __unlock                              
1     00008740  _Tasks                                
1     00047000  _Emif1Regs                            
1     00047800  _Emif2Regs                            
1     00048000  _CanaRegs                             
1     0004a000  _CanbRegs                             
1     00050024  _FlashPumpSemaphoreRegs               
1     0005d000  _DevCfgRegs                           
1     0005d180  _AnalogSubsysRegs                     
1     0005d200  _ClkCfgRegs                           
1     0005d300  _CpuSysRegs                           
1     0005e608  _RomPrefetchRegs                      
1     0005f000  _DcsmZ1Regs                           
1     0005f040  _DcsmZ2Regs                           
1     0005f070  _DcsmCommonRegs                       
1     0005f400  _MemCfgRegs                           
1     0005f480  _Emif1ConfigRegs                      
1     0005f4a0  _Emif2ConfigRegs                      
1     0005f4c0  _AccessProtectionRegs                 
1     0005f500  _MemoryErrorRegs                      
1     0005f540  _RomWaitStateRegs                     
1     0005f800  _Flash0CtrlRegs                       
1     0005fb00  _Flash0EccRegs                        
1     0005fc00  _Flash1CtrlRegs                       
1     0005ff00  _Flash1EccRegs                        
abs   0000005f  _RamfuncsLoadSize                     
abs   0000005f  _RamfuncsRunSize                      
abs   00000124  _RamfuncsRunStart                     
abs   00000183  _RamfuncsRunEnd                       
abs   00000300  __STACK_SIZE                          
abs   00085198  _RamfuncsLoadStart                    
abs   000851f7  _RamfuncsLoadEnd                      
abs   ffffffff  ___TI_pprof_out_hndl                  
abs   ffffffff  ___TI_prof_data_size                  
abs   ffffffff  ___TI_prof_data_start                 
abs   ffffffff  ___binit__                            
abs   ffffffff  ___c_args__                           
abs   ffffffff  ___pinit__                            
abs   ffffffff  binit                                 
abs   ffffffff  pinit                                 

[519 symbols]
